Component: ARM Compiler 5.06 update 6 (build 750) Tool: armlink [4d35ed]

==============================================================================

Section Cross References

    can.o(.text) refers to stm32f10x_rcc.o(.text) for RCC_APB2PeriphClockCmd
    can.o(.text) refers to stm32f10x_gpio.o(.text) for GPIO_Init
    can.o(.text) refers to stm32f10x_can.o(.text) for CAN_Init
    iap.o(.text) refers to stmflash.o(.text) for STMFLASH_Write
    iap.o(.text) refers to sys.o(.emb_text) for MSR_MSP
    iap.o(.text) refers to iap.o(.bss) for iapbuf
    iap.o(.text) refers to iap.o(.data) for jump2app
    stmflash.o(.text) refers to stm32f10x_flash.o(.text) for FLASH_ProgramHalfWord
    stmflash.o(.text) refers to stmflash.o(.bss) for STMFLASH_BUF
    bsp_key.o(.text) refers to stm32f10x_rcc.o(.text) for RCC_APB2PeriphClockCmd
    bsp_key.o(.text) refers to stm32f10x_gpio.o(.text) for GPIO_Init
    timer.o(.text) refers to stm32f10x_rcc.o(.text) for RCC_APB1PeriphClockCmd
    timer.o(.text) refers to stm32f10x_tim.o(.text) for TIM_TimeBaseInit
    timer.o(.text) refers to misc.o(.text) for NVIC_Init
    timer.o(.text) refers to timer.o(.data) for time
    main.o(.text) refers to bsp_key.o(.text) for Key_GPIO_Config
    main.o(.text) refers to delay.o(.text) for delay_init
    main.o(.text) refers to timer.o(.text) for TIM3_Int_Init
    main.o(.text) refers to misc.o(.text) for NVIC_PriorityGroupConfig
    main.o(.text) refers to usart.o(.text) for uart_init
    main.o(.text) refers to oled12864.o(.text) for OLED_Init
    main.o(.text) refers to can.o(.text) for CAN_Mode_Init
    main.o(.text) refers to printf8.o(i.__0printf$8) for __2printf
    main.o(.text) refers to stm32f10x_tim.o(.text) for TIM_Cmd
    main.o(.text) refers to iap.o(.text) for iap_write_appbin
    main.o(.text) refers to timer.o(.data) for time
    main.o(.text) refers to iap.o(.data) for buff
    main.o(.text) refers to iap.o(.bss) for app_buff
    oled12864.o(.text) refers to stm32f10x_rcc.o(.text) for RCC_APB2PeriphClockCmd
    oled12864.o(.text) refers to stm32f10x_gpio.o(.text) for GPIO_Init
    oled12864.o(.text) refers to delay.o(.text) for delay_us
    oled12864.o(.text) refers to oled12864.o(.constdata) for F8X16
    oled12864.o(.text) refers to oled12864.o(.data) for F16x16
    bsp_i2c_ee.o(.text) refers to bsp_i2c_gpio.o(.text) for i2c_CheckDevice
    bsp_i2c_ee.o(.text) refers to printf8.o(i.__0printf$8) for __2printf
    bsp_i2c_gpio.o(.text) refers to stm32f10x_rcc.o(.text) for RCC_APB2PeriphClockCmd
    bsp_i2c_gpio.o(.text) refers to stm32f10x_gpio.o(.text) for GPIO_Init
    delay.o(.text) refers to misc.o(.text) for SysTick_CLKSourceConfig
    delay.o(.text) refers to system_stm32f10x.o(.data) for SystemCoreClock
    delay.o(.text) refers to delay.o(.data) for fac_us
    usart.o(.text) refers to stm32f10x_rcc.o(.text) for RCC_APB2PeriphClockCmd
    usart.o(.text) refers to stm32f10x_gpio.o(.text) for GPIO_Init
    usart.o(.text) refers to misc.o(.text) for NVIC_Init
    usart.o(.text) refers to stm32f10x_usart.o(.text) for USART_Init
    usart.o(.text) refers to usart.o(.data) for USART_RX_CNT
    stm32f10x_adc.o(.text) refers to stm32f10x_rcc.o(.text) for RCC_APB2PeriphResetCmd
    stm32f10x_bkp.o(.text) refers to stm32f10x_rcc.o(.text) for RCC_BackupResetCmd
    stm32f10x_can.o(.text) refers to stm32f10x_rcc.o(.text) for RCC_APB1PeriphResetCmd
    stm32f10x_cec.o(.text) refers to stm32f10x_rcc.o(.text) for RCC_APB1PeriphResetCmd
    stm32f10x_dac.o(.text) refers to stm32f10x_rcc.o(.text) for RCC_APB1PeriphResetCmd
    stm32f10x_gpio.o(.text) refers to stm32f10x_rcc.o(.text) for RCC_APB2PeriphResetCmd
    stm32f10x_i2c.o(.text) refers to stm32f10x_rcc.o(.text) for RCC_APB1PeriphResetCmd
    stm32f10x_pwr.o(.text) refers to stm32f10x_rcc.o(.text) for RCC_APB1PeriphResetCmd
    stm32f10x_rcc.o(.text) refers to stm32f10x_rcc.o(.data) for APBAHBPrescTable
    stm32f10x_spi.o(.text) refers to stm32f10x_rcc.o(.text) for RCC_APB2PeriphResetCmd
    stm32f10x_tim.o(.text) refers to stm32f10x_rcc.o(.text) for RCC_APB2PeriphResetCmd
    stm32f10x_usart.o(.text) refers to stm32f10x_rcc.o(.text) for RCC_APB2PeriphResetCmd
    stm32f10x_wwdg.o(.text) refers to stm32f10x_rcc.o(.text) for RCC_APB1PeriphResetCmd
    system_stm32f10x.o(.text) refers to system_stm32f10x.o(.data) for SystemCoreClock
    startup_stm32f10x_hd.o(RESET) refers to startup_stm32f10x_hd.o(STACK) for __initial_sp
    startup_stm32f10x_hd.o(RESET) refers to startup_stm32f10x_hd.o(.text) for Reset_Handler
    startup_stm32f10x_hd.o(RESET) refers to stm32f10x_it.o(.text) for NMI_Handler
    startup_stm32f10x_hd.o(RESET) refers to timer.o(.text) for TIM3_IRQHandler
    startup_stm32f10x_hd.o(RESET) refers to usart.o(.text) for USART1_IRQHandler
    startup_stm32f10x_hd.o(.text) refers to system_stm32f10x.o(.text) for SystemInit
    startup_stm32f10x_hd.o(.text) refers to entry.o(.ARM.Collect$$$$00000000) for __main
    entry.o(.ARM.Collect$$$$00000000) refers (Special) to entry10a.o(.ARM.Collect$$$$0000000D) for __rt_final_cpp
    entry.o(.ARM.Collect$$$$00000000) refers (Special) to entry11a.o(.ARM.Collect$$$$0000000F) for __rt_final_exit
    entry.o(.ARM.Collect$$$$00000000) refers (Special) to entry7b.o(.ARM.Collect$$$$00000008) for _main_clock
    entry.o(.ARM.Collect$$$$00000000) refers (Special) to entry8b.o(.ARM.Collect$$$$0000000A) for _main_cpp_init
    entry.o(.ARM.Collect$$$$00000000) refers (Special) to entry9a.o(.ARM.Collect$$$$0000000B) for _main_init
    entry.o(.ARM.Collect$$$$00000000) refers (Special) to entry5.o(.ARM.Collect$$$$00000004) for _main_scatterload
    entry.o(.ARM.Collect$$$$00000000) refers (Special) to entry2.o(.ARM.Collect$$$$00000001) for _main_stk
    printfb.o(i.__0fprintf$bare) refers to printfb.o(i._printf_core) for _printf_core
    printfb.o(i.__0fprintf$bare) refers to usart.o(.text) for fputc
    printfb.o(i.__0printf$bare) refers to printfb.o(i._printf_core) for _printf_core
    printfb.o(i.__0printf$bare) refers to usart.o(.text) for fputc
    printfb.o(i.__0printf$bare) refers to usart.o(.data) for __stdout
    printfb.o(i.__0snprintf$bare) refers to printfb.o(i._printf_core) for _printf_core
    printfb.o(i.__0snprintf$bare) refers to printfb.o(i._snputc) for _snputc
    printfb.o(i.__0sprintf$bare) refers to printfb.o(i._printf_core) for _printf_core
    printfb.o(i.__0sprintf$bare) refers to printfb.o(i._sputc) for _sputc
    printfb.o(i.__0vfprintf$bare) refers to printfb.o(i._printf_core) for _printf_core
    printfb.o(i.__0vfprintf$bare) refers to usart.o(.text) for fputc
    printfb.o(i.__0vprintf$bare) refers to printfb.o(i._printf_core) for _printf_core
    printfb.o(i.__0vprintf$bare) refers to usart.o(.text) for fputc
    printfb.o(i.__0vprintf$bare) refers to usart.o(.data) for __stdout
    printfb.o(i.__0vsnprintf$bare) refers to printfb.o(i._printf_core) for _printf_core
    printfb.o(i.__0vsnprintf$bare) refers to printfb.o(i._snputc) for _snputc
    printfb.o(i.__0vsprintf$bare) refers to printfb.o(i._printf_core) for _printf_core
    printfb.o(i.__0vsprintf$bare) refers to printfb.o(i._sputc) for _sputc
    printf0.o(i.__0fprintf$0) refers to printf0.o(i._printf_core) for _printf_core
    printf0.o(i.__0fprintf$0) refers to usart.o(.text) for fputc
    printf0.o(i.__0printf$0) refers to printf0.o(i._printf_core) for _printf_core
    printf0.o(i.__0printf$0) refers to usart.o(.text) for fputc
    printf0.o(i.__0printf$0) refers to usart.o(.data) for __stdout
    printf0.o(i.__0snprintf$0) refers to printf0.o(i._printf_core) for _printf_core
    printf0.o(i.__0snprintf$0) refers to printf0.o(i._snputc) for _snputc
    printf0.o(i.__0sprintf$0) refers to printf0.o(i._printf_core) for _printf_core
    printf0.o(i.__0sprintf$0) refers to printf0.o(i._sputc) for _sputc
    printf0.o(i.__0vfprintf$0) refers to printf0.o(i._printf_core) for _printf_core
    printf0.o(i.__0vfprintf$0) refers to usart.o(.text) for fputc
    printf0.o(i.__0vprintf$0) refers to printf0.o(i._printf_core) for _printf_core
    printf0.o(i.__0vprintf$0) refers to usart.o(.text) for fputc
    printf0.o(i.__0vprintf$0) refers to usart.o(.data) for __stdout
    printf0.o(i.__0vsnprintf$0) refers to printf0.o(i._printf_core) for _printf_core
    printf0.o(i.__0vsnprintf$0) refers to printf0.o(i._snputc) for _snputc
    printf0.o(i.__0vsprintf$0) refers to printf0.o(i._printf_core) for _printf_core
    printf0.o(i.__0vsprintf$0) refers to printf0.o(i._sputc) for _sputc
    printf1.o(i.__0fprintf$1) refers to printf1.o(i._printf_core) for _printf_core
    printf1.o(i.__0fprintf$1) refers to usart.o(.text) for fputc
    printf1.o(i.__0printf$1) refers to printf1.o(i._printf_core) for _printf_core
    printf1.o(i.__0printf$1) refers to usart.o(.text) for fputc
    printf1.o(i.__0printf$1) refers to usart.o(.data) for __stdout
    printf1.o(i.__0snprintf$1) refers to printf1.o(i._printf_core) for _printf_core
    printf1.o(i.__0snprintf$1) refers to printf1.o(i._snputc) for _snputc
    printf1.o(i.__0sprintf$1) refers to printf1.o(i._printf_core) for _printf_core
    printf1.o(i.__0sprintf$1) refers to printf1.o(i._sputc) for _sputc
    printf1.o(i.__0vfprintf$1) refers to printf1.o(i._printf_core) for _printf_core
    printf1.o(i.__0vfprintf$1) refers to usart.o(.text) for fputc
    printf1.o(i.__0vprintf$1) refers to printf1.o(i._printf_core) for _printf_core
    printf1.o(i.__0vprintf$1) refers to usart.o(.text) for fputc
    printf1.o(i.__0vprintf$1) refers to usart.o(.data) for __stdout
    printf1.o(i.__0vsnprintf$1) refers to printf1.o(i._printf_core) for _printf_core
    printf1.o(i.__0vsnprintf$1) refers to printf1.o(i._snputc) for _snputc
    printf1.o(i.__0vsprintf$1) refers to printf1.o(i._printf_core) for _printf_core
    printf1.o(i.__0vsprintf$1) refers to printf1.o(i._sputc) for _sputc
    printf1.o(i._printf_core) refers to uidiv.o(.text) for __aeabi_uidivmod
    printf2.o(i.__0fprintf$2) refers to printf2.o(i._printf_core) for _printf_core
    printf2.o(i.__0fprintf$2) refers to usart.o(.text) for fputc
    printf2.o(i.__0printf$2) refers to printf2.o(i._printf_core) for _printf_core
    printf2.o(i.__0printf$2) refers to usart.o(.text) for fputc
    printf2.o(i.__0printf$2) refers to usart.o(.data) for __stdout
    printf2.o(i.__0snprintf$2) refers to printf2.o(i._printf_core) for _printf_core
    printf2.o(i.__0snprintf$2) refers to printf2.o(i._snputc) for _snputc
    printf2.o(i.__0sprintf$2) refers to printf2.o(i._printf_core) for _printf_core
    printf2.o(i.__0sprintf$2) refers to printf2.o(i._sputc) for _sputc
    printf2.o(i.__0vfprintf$2) refers to printf2.o(i._printf_core) for _printf_core
    printf2.o(i.__0vfprintf$2) refers to usart.o(.text) for fputc
    printf2.o(i.__0vprintf$2) refers to printf2.o(i._printf_core) for _printf_core
    printf2.o(i.__0vprintf$2) refers to usart.o(.text) for fputc
    printf2.o(i.__0vprintf$2) refers to usart.o(.data) for __stdout
    printf2.o(i.__0vsnprintf$2) refers to printf2.o(i._printf_core) for _printf_core
    printf2.o(i.__0vsnprintf$2) refers to printf2.o(i._snputc) for _snputc
    printf2.o(i.__0vsprintf$2) refers to printf2.o(i._printf_core) for _printf_core
    printf2.o(i.__0vsprintf$2) refers to printf2.o(i._sputc) for _sputc
    printf3.o(i.__0fprintf$3) refers to printf3.o(i._printf_core) for _printf_core
    printf3.o(i.__0fprintf$3) refers to usart.o(.text) for fputc
    printf3.o(i.__0printf$3) refers to printf3.o(i._printf_core) for _printf_core
    printf3.o(i.__0printf$3) refers to usart.o(.text) for fputc
    printf3.o(i.__0printf$3) refers to usart.o(.data) for __stdout
    printf3.o(i.__0snprintf$3) refers to printf3.o(i._printf_core) for _printf_core
    printf3.o(i.__0snprintf$3) refers to printf3.o(i._snputc) for _snputc
    printf3.o(i.__0sprintf$3) refers to printf3.o(i._printf_core) for _printf_core
    printf3.o(i.__0sprintf$3) refers to printf3.o(i._sputc) for _sputc
    printf3.o(i.__0vfprintf$3) refers to printf3.o(i._printf_core) for _printf_core
    printf3.o(i.__0vfprintf$3) refers to usart.o(.text) for fputc
    printf3.o(i.__0vprintf$3) refers to printf3.o(i._printf_core) for _printf_core
    printf3.o(i.__0vprintf$3) refers to usart.o(.text) for fputc
    printf3.o(i.__0vprintf$3) refers to usart.o(.data) for __stdout
    printf3.o(i.__0vsnprintf$3) refers to printf3.o(i._printf_core) for _printf_core
    printf3.o(i.__0vsnprintf$3) refers to printf3.o(i._snputc) for _snputc
    printf3.o(i.__0vsprintf$3) refers to printf3.o(i._printf_core) for _printf_core
    printf3.o(i.__0vsprintf$3) refers to printf3.o(i._sputc) for _sputc
    printf3.o(i._printf_core) refers to uidiv.o(.text) for __aeabi_uidivmod
    printf4.o(i.__0fprintf$4) refers to printf4.o(i._printf_core) for _printf_core
    printf4.o(i.__0fprintf$4) refers to usart.o(.text) for fputc
    printf4.o(i.__0printf$4) refers to printf4.o(i._printf_core) for _printf_core
    printf4.o(i.__0printf$4) refers to usart.o(.text) for fputc
    printf4.o(i.__0printf$4) refers to usart.o(.data) for __stdout
    printf4.o(i.__0snprintf$4) refers to printf4.o(i._printf_core) for _printf_core
    printf4.o(i.__0snprintf$4) refers to printf4.o(i._snputc) for _snputc
    printf4.o(i.__0sprintf$4) refers to printf4.o(i._printf_core) for _printf_core
    printf4.o(i.__0sprintf$4) refers to printf4.o(i._sputc) for _sputc
    printf4.o(i.__0vfprintf$4) refers to printf4.o(i._printf_core) for _printf_core
    printf4.o(i.__0vfprintf$4) refers to usart.o(.text) for fputc
    printf4.o(i.__0vprintf$4) refers to printf4.o(i._printf_core) for _printf_core
    printf4.o(i.__0vprintf$4) refers to usart.o(.text) for fputc
    printf4.o(i.__0vprintf$4) refers to usart.o(.data) for __stdout
    printf4.o(i.__0vsnprintf$4) refers to printf4.o(i._printf_core) for _printf_core
    printf4.o(i.__0vsnprintf$4) refers to printf4.o(i._snputc) for _snputc
    printf4.o(i.__0vsprintf$4) refers to printf4.o(i._printf_core) for _printf_core
    printf4.o(i.__0vsprintf$4) refers to printf4.o(i._sputc) for _sputc
    printf4.o(i._printf_core) refers to uldiv.o(.text) for __aeabi_uldivmod
    printf5.o(i.__0fprintf$5) refers to printf5.o(i._printf_core) for _printf_core
    printf5.o(i.__0fprintf$5) refers to usart.o(.text) for fputc
    printf5.o(i.__0printf$5) refers to printf5.o(i._printf_core) for _printf_core
    printf5.o(i.__0printf$5) refers to usart.o(.text) for fputc
    printf5.o(i.__0printf$5) refers to usart.o(.data) for __stdout
    printf5.o(i.__0snprintf$5) refers to printf5.o(i._printf_core) for _printf_core
    printf5.o(i.__0snprintf$5) refers to printf5.o(i._snputc) for _snputc
    printf5.o(i.__0sprintf$5) refers to printf5.o(i._printf_core) for _printf_core
    printf5.o(i.__0sprintf$5) refers to printf5.o(i._sputc) for _sputc
    printf5.o(i.__0vfprintf$5) refers to printf5.o(i._printf_core) for _printf_core
    printf5.o(i.__0vfprintf$5) refers to usart.o(.text) for fputc
    printf5.o(i.__0vprintf$5) refers to printf5.o(i._printf_core) for _printf_core
    printf5.o(i.__0vprintf$5) refers to usart.o(.text) for fputc
    printf5.o(i.__0vprintf$5) refers to usart.o(.data) for __stdout
    printf5.o(i.__0vsnprintf$5) refers to printf5.o(i._printf_core) for _printf_core
    printf5.o(i.__0vsnprintf$5) refers to printf5.o(i._snputc) for _snputc
    printf5.o(i.__0vsprintf$5) refers to printf5.o(i._printf_core) for _printf_core
    printf5.o(i.__0vsprintf$5) refers to printf5.o(i._sputc) for _sputc
    printf5.o(i._printf_core) refers to uldiv.o(.text) for __aeabi_uldivmod
    printf6.o(i.__0fprintf$6) refers to printf6.o(i._printf_core) for _printf_core
    printf6.o(i.__0fprintf$6) refers to usart.o(.text) for fputc
    printf6.o(i.__0printf$6) refers to printf6.o(i._printf_core) for _printf_core
    printf6.o(i.__0printf$6) refers to usart.o(.text) for fputc
    printf6.o(i.__0printf$6) refers to usart.o(.data) for __stdout
    printf6.o(i.__0snprintf$6) refers to printf6.o(i._printf_core) for _printf_core
    printf6.o(i.__0snprintf$6) refers to printf6.o(i._snputc) for _snputc
    printf6.o(i.__0sprintf$6) refers to printf6.o(i._printf_core) for _printf_core
    printf6.o(i.__0sprintf$6) refers to printf6.o(i._sputc) for _sputc
    printf6.o(i.__0vfprintf$6) refers to printf6.o(i._printf_core) for _printf_core
    printf6.o(i.__0vfprintf$6) refers to usart.o(.text) for fputc
    printf6.o(i.__0vprintf$6) refers to printf6.o(i._printf_core) for _printf_core
    printf6.o(i.__0vprintf$6) refers to usart.o(.text) for fputc
    printf6.o(i.__0vprintf$6) refers to usart.o(.data) for __stdout
    printf6.o(i.__0vsnprintf$6) refers to printf6.o(i._printf_core) for _printf_core
    printf6.o(i.__0vsnprintf$6) refers to printf6.o(i._snputc) for _snputc
    printf6.o(i.__0vsprintf$6) refers to printf6.o(i._printf_core) for _printf_core
    printf6.o(i.__0vsprintf$6) refers to printf6.o(i._sputc) for _sputc
    printf6.o(i._printf_core) refers to printf6.o(i._printf_pre_padding) for _printf_pre_padding
    printf6.o(i._printf_core) refers to uidiv.o(.text) for __aeabi_uidivmod
    printf6.o(i._printf_core) refers to printf6.o(i._printf_post_padding) for _printf_post_padding
    printf7.o(i.__0fprintf$7) refers to printf7.o(i._printf_core) for _printf_core
    printf7.o(i.__0fprintf$7) refers to usart.o(.text) for fputc
    printf7.o(i.__0printf$7) refers to printf7.o(i._printf_core) for _printf_core
    printf7.o(i.__0printf$7) refers to usart.o(.text) for fputc
    printf7.o(i.__0printf$7) refers to usart.o(.data) for __stdout
    printf7.o(i.__0snprintf$7) refers to printf7.o(i._printf_core) for _printf_core
    printf7.o(i.__0snprintf$7) refers to printf7.o(i._snputc) for _snputc
    printf7.o(i.__0sprintf$7) refers to printf7.o(i._printf_core) for _printf_core
    printf7.o(i.__0sprintf$7) refers to printf7.o(i._sputc) for _sputc
    printf7.o(i.__0vfprintf$7) refers to printf7.o(i._printf_core) for _printf_core
    printf7.o(i.__0vfprintf$7) refers to usart.o(.text) for fputc
    printf7.o(i.__0vprintf$7) refers to printf7.o(i._printf_core) for _printf_core
    printf7.o(i.__0vprintf$7) refers to usart.o(.text) for fputc
    printf7.o(i.__0vprintf$7) refers to usart.o(.data) for __stdout
    printf7.o(i.__0vsnprintf$7) refers to printf7.o(i._printf_core) for _printf_core
    printf7.o(i.__0vsnprintf$7) refers to printf7.o(i._snputc) for _snputc
    printf7.o(i.__0vsprintf$7) refers to printf7.o(i._printf_core) for _printf_core
    printf7.o(i.__0vsprintf$7) refers to printf7.o(i._sputc) for _sputc
    printf7.o(i._printf_core) refers to printf7.o(i._printf_pre_padding) for _printf_pre_padding
    printf7.o(i._printf_core) refers to uldiv.o(.text) for __aeabi_uldivmod
    printf7.o(i._printf_core) refers to printf7.o(i._printf_post_padding) for _printf_post_padding
    printf8.o(i.__0fprintf$8) refers to printf8.o(i._printf_core) for _printf_core
    printf8.o(i.__0fprintf$8) refers to usart.o(.text) for fputc
    printf8.o(i.__0printf$8) refers to printf8.o(i._printf_core) for _printf_core
    printf8.o(i.__0printf$8) refers to usart.o(.text) for fputc
    printf8.o(i.__0printf$8) refers to usart.o(.data) for __stdout
    printf8.o(i.__0snprintf$8) refers to printf8.o(i._printf_core) for _printf_core
    printf8.o(i.__0snprintf$8) refers to printf8.o(i._snputc) for _snputc
    printf8.o(i.__0sprintf$8) refers to printf8.o(i._printf_core) for _printf_core
    printf8.o(i.__0sprintf$8) refers to printf8.o(i._sputc) for _sputc
    printf8.o(i.__0vfprintf$8) refers to printf8.o(i._printf_core) for _printf_core
    printf8.o(i.__0vfprintf$8) refers to usart.o(.text) for fputc
    printf8.o(i.__0vprintf$8) refers to printf8.o(i._printf_core) for _printf_core
    printf8.o(i.__0vprintf$8) refers to usart.o(.text) for fputc
    printf8.o(i.__0vprintf$8) refers to usart.o(.data) for __stdout
    printf8.o(i.__0vsnprintf$8) refers to printf8.o(i._printf_core) for _printf_core
    printf8.o(i.__0vsnprintf$8) refers to printf8.o(i._snputc) for _snputc
    printf8.o(i.__0vsprintf$8) refers to printf8.o(i._printf_core) for _printf_core
    printf8.o(i.__0vsprintf$8) refers to printf8.o(i._sputc) for _sputc
    printf8.o(i._printf_core) refers to printf8.o(i._printf_pre_padding) for _printf_pre_padding
    printf8.o(i._printf_core) refers to uldiv.o(.text) for __aeabi_uldivmod
    printf8.o(i._printf_core) refers to printf8.o(i._printf_post_padding) for _printf_post_padding
    printfa.o(i.__0fprintf) refers (Special) to iusefp.o(.text) for __I$use$fp
    printfa.o(i.__0fprintf) refers to printfa.o(i._printf_core) for _printf_core
    printfa.o(i.__0fprintf) refers to usart.o(.text) for fputc
    printfa.o(i.__0printf) refers (Special) to iusefp.o(.text) for __I$use$fp
    printfa.o(i.__0printf) refers to printfa.o(i._printf_core) for _printf_core
    printfa.o(i.__0printf) refers to usart.o(.text) for fputc
    printfa.o(i.__0printf) refers to usart.o(.data) for __stdout
    printfa.o(i.__0snprintf) refers (Special) to iusefp.o(.text) for __I$use$fp
    printfa.o(i.__0snprintf) refers to printfa.o(i._printf_core) for _printf_core
    printfa.o(i.__0snprintf) refers to printfa.o(i._snputc) for _snputc
    printfa.o(i.__0sprintf) refers (Special) to iusefp.o(.text) for __I$use$fp
    printfa.o(i.__0sprintf) refers to printfa.o(i._printf_core) for _printf_core
    printfa.o(i.__0sprintf) refers to printfa.o(i._sputc) for _sputc
    printfa.o(i.__0vfprintf) refers (Special) to iusefp.o(.text) for __I$use$fp
    printfa.o(i.__0vfprintf) refers to printfa.o(i._printf_core) for _printf_core
    printfa.o(i.__0vfprintf) refers to usart.o(.text) for fputc
    printfa.o(i.__0vprintf) refers (Special) to iusefp.o(.text) for __I$use$fp
    printfa.o(i.__0vprintf) refers to printfa.o(i._printf_core) for _printf_core
    printfa.o(i.__0vprintf) refers to usart.o(.text) for fputc
    printfa.o(i.__0vprintf) refers to usart.o(.data) for __stdout
    printfa.o(i.__0vsnprintf) refers (Special) to iusefp.o(.text) for __I$use$fp
    printfa.o(i.__0vsnprintf) refers to printfa.o(i._printf_core) for _printf_core
    printfa.o(i.__0vsnprintf) refers to printfa.o(i._snputc) for _snputc
    printfa.o(i.__0vsprintf) refers (Special) to iusefp.o(.text) for __I$use$fp
    printfa.o(i.__0vsprintf) refers to printfa.o(i._printf_core) for _printf_core
    printfa.o(i.__0vsprintf) refers to printfa.o(i._sputc) for _sputc
    printfa.o(i._fp_digits) refers (Special) to iusefp.o(.text) for __I$use$fp
    printfa.o(i._fp_digits) refers to dmul.o(.text) for __aeabi_dmul
    printfa.o(i._fp_digits) refers to ddiv.o(.text) for __aeabi_ddiv
    printfa.o(i._fp_digits) refers to cdrcmple.o(.text) for __aeabi_cdrcmple
    printfa.o(i._fp_digits) refers to dadd.o(.text) for __aeabi_dadd
    printfa.o(i._fp_digits) refers to dfixul.o(.text) for __aeabi_d2ulz
    printfa.o(i._fp_digits) refers to uldiv.o(.text) for __aeabi_uldivmod
    printfa.o(i._printf_core) refers (Special) to iusefp.o(.text) for __I$use$fp
    printfa.o(i._printf_core) refers to printfa.o(i._printf_pre_padding) for _printf_pre_padding
    printfa.o(i._printf_core) refers to uldiv.o(.text) for __aeabi_uldivmod
    printfa.o(i._printf_core) refers to printfa.o(i._printf_post_padding) for _printf_post_padding
    printfa.o(i._printf_core) refers to printfa.o(i._fp_digits) for _fp_digits
    printfa.o(i._printf_core) refers to uidiv.o(.text) for __aeabi_uidivmod
    printfa.o(i._printf_post_padding) refers (Special) to iusefp.o(.text) for __I$use$fp
    printfa.o(i._printf_pre_padding) refers (Special) to iusefp.o(.text) for __I$use$fp
    printfa.o(i._snputc) refers (Special) to iusefp.o(.text) for __I$use$fp
    printfa.o(i._sputc) refers (Special) to iusefp.o(.text) for __I$use$fp
    entry2.o(.ARM.Collect$$$$00000001) refers to entry2.o(.ARM.Collect$$$$00002712) for __lit__00000000
    entry2.o(.ARM.Collect$$$$00002712) refers to startup_stm32f10x_hd.o(STACK) for __initial_sp
    entry2.o(__vectab_stack_and_reset_area) refers to startup_stm32f10x_hd.o(STACK) for __initial_sp
    entry2.o(__vectab_stack_and_reset_area) refers to entry.o(.ARM.Collect$$$$00000000) for __main
    entry5.o(.ARM.Collect$$$$00000004) refers to init.o(.text) for __scatterload
    entry9a.o(.ARM.Collect$$$$0000000B) refers to main.o(.text) for main
    entry9b.o(.ARM.Collect$$$$0000000C) refers to main.o(.text) for main
    uldiv.o(.text) refers to llushr.o(.text) for __aeabi_llsr
    uldiv.o(.text) refers to llshl.o(.text) for __aeabi_llsl
    dadd.o(.text) refers to llshl.o(.text) for __aeabi_llsl
    dadd.o(.text) refers to llsshr.o(.text) for __aeabi_lasr
    dadd.o(.text) refers to depilogue.o(.text) for _double_epilogue
    dmul.o(.text) refers to depilogue.o(.text) for _double_epilogue
    ddiv.o(.text) refers to depilogue.o(.text) for _double_round
    dfixul.o(.text) refers to llushr.o(.text) for __aeabi_llsr
    dfixul.o(.text) refers to llshl.o(.text) for __aeabi_llsl
    init.o(.text) refers to entry5.o(.ARM.Collect$$$$00000004) for __main_after_scatterload
    depilogue.o(.text) refers to llshl.o(.text) for __aeabi_llsl
    depilogue.o(.text) refers to llushr.o(.text) for __aeabi_llsr


==============================================================================

Removing Unused input sections from the image.

    Removing bsp_i2c_ee.o(.text), (756 bytes).
    Removing bsp_i2c_gpio.o(.text), (444 bytes).
    Removing sys.o(.text), (12 bytes).
    Removing stm32f10x_adc.o(.text), (1102 bytes).
    Removing stm32f10x_bkp.o(.text), (196 bytes).
    Removing stm32f10x_cec.o(.text), (288 bytes).
    Removing stm32f10x_crc.o(.text), (72 bytes).
    Removing stm32f10x_dac.o(.text), (396 bytes).
    Removing stm32f10x_dbgmcu.o(.text), (48 bytes).
    Removing stm32f10x_dma.o(.text), (596 bytes).
    Removing stm32f10x_exti.o(.text), (284 bytes).
    Removing stm32f10x_fsmc.o(.text), (1548 bytes).
    Removing stm32f10x_i2c.o(.text), (1028 bytes).
    Removing stm32f10x_iwdg.o(.text), (64 bytes).
    Removing stm32f10x_pwr.o(.text), (204 bytes).
    Removing stm32f10x_rtc.o(.text), (328 bytes).
    Removing stm32f10x_sdio.o(.text), (468 bytes).
    Removing stm32f10x_spi.o(.text), (780 bytes).
    Removing stm32f10x_wwdg.o(.text), (136 bytes).
    Removing core_cm3.o(.emb_text), (32 bytes).
    Removing startup_stm32f10x_hd.o(HEAP), (512 bytes).
    Removing dadd.o(.text), (334 bytes).
    Removing dmul.o(.text), (228 bytes).
    Removing ddiv.o(.text), (222 bytes).
    Removing dfixul.o(.text), (48 bytes).
    Removing cdrcmple.o(.text), (48 bytes).
    Removing depilogue.o(.text), (186 bytes).

27 unused section(s) (total 10360 bytes) removed from the image.

==============================================================================

Image Symbol Table

    Local Symbols

    Symbol Name                              Value     Ov Type        Size  Object(Section)

    ../clib/../cmprslib/zerorunl2.c          0x00000000   Number         0  __dczerorl2.o ABSOLUTE
    ../clib/microlib/division.c              0x00000000   Number         0  uidiv.o ABSOLUTE
    ../clib/microlib/division.c              0x00000000   Number         0  uldiv.o ABSOLUTE
    ../clib/microlib/init/entry.s            0x00000000   Number         0  entry2.o ABSOLUTE
    ../clib/microlib/init/entry.s            0x00000000   Number         0  entry8b.o ABSOLUTE
    ../clib/microlib/init/entry.s            0x00000000   Number         0  entry10b.o ABSOLUTE
    ../clib/microlib/init/entry.s            0x00000000   Number         0  entry10a.o ABSOLUTE
    ../clib/microlib/init/entry.s            0x00000000   Number         0  entry5.o ABSOLUTE
    ../clib/microlib/init/entry.s            0x00000000   Number         0  entry9b.o ABSOLUTE
    ../clib/microlib/init/entry.s            0x00000000   Number         0  entry8a.o ABSOLUTE
    ../clib/microlib/init/entry.s            0x00000000   Number         0  entry7b.o ABSOLUTE
    ../clib/microlib/init/entry.s            0x00000000   Number         0  entry7a.o ABSOLUTE
    ../clib/microlib/init/entry.s            0x00000000   Number         0  entry.o ABSOLUTE
    ../clib/microlib/init/entry.s            0x00000000   Number         0  entry9a.o ABSOLUTE
    ../clib/microlib/init/entry.s            0x00000000   Number         0  entry11b.o ABSOLUTE
    ../clib/microlib/init/entry.s            0x00000000   Number         0  entry11a.o ABSOLUTE
    ../clib/microlib/longlong.c              0x00000000   Number         0  llsshr.o ABSOLUTE
    ../clib/microlib/longlong.c              0x00000000   Number         0  llushr.o ABSOLUTE
    ../clib/microlib/longlong.c              0x00000000   Number         0  llshl.o ABSOLUTE
    ../clib/microlib/printf/printf.c         0x00000000   Number         0  printf2.o ABSOLUTE
    ../clib/microlib/printf/printf.c         0x00000000   Number         0  printf6.o ABSOLUTE
    ../clib/microlib/printf/printf.c         0x00000000   Number         0  printf4.o ABSOLUTE
    ../clib/microlib/printf/printf.c         0x00000000   Number         0  printfb.o ABSOLUTE
    ../clib/microlib/printf/printf.c         0x00000000   Number         0  printf0.o ABSOLUTE
    ../clib/microlib/printf/printf.c         0x00000000   Number         0  printf3.o ABSOLUTE
    ../clib/microlib/printf/printf.c         0x00000000   Number         0  printf1.o ABSOLUTE
    ../clib/microlib/printf/printf.c         0x00000000   Number         0  printf5.o ABSOLUTE
    ../clib/microlib/printf/printf.c         0x00000000   Number         0  printfa.o ABSOLUTE
    ../clib/microlib/printf/printf.c         0x00000000   Number         0  printf8.o ABSOLUTE
    ../clib/microlib/printf/printf.c         0x00000000   Number         0  printf7.o ABSOLUTE
    ../clib/microlib/printf/stubs.s          0x00000000   Number         0  stubs.o ABSOLUTE
    ../clib/microlib/stubs.s                 0x00000000   Number         0  iusefp.o ABSOLUTE
    ../clib/microlib/stubs.s                 0x00000000   Number         0  useno.o ABSOLUTE
    ../fplib/microlib/fpadd.c                0x00000000   Number         0  dadd.o ABSOLUTE
    ../fplib/microlib/fpdiv.c                0x00000000   Number         0  ddiv.o ABSOLUTE
    ../fplib/microlib/fpepilogue.c           0x00000000   Number         0  depilogue.o ABSOLUTE
    ../fplib/microlib/fpfix.c                0x00000000   Number         0  dfixul.o ABSOLUTE
    ../fplib/microlib/fpmul.c                0x00000000   Number         0  dmul.o ABSOLUTE
    ..\..\APP\CAN\can.c                      0x00000000   Number         0  can.o ABSOLUTE
    ..\..\APP\IAP\iap.c                      0x00000000   Number         0  iap.o ABSOLUTE
    ..\..\APP\Key\bsp_key.c                  0x00000000   Number         0  bsp_key.o ABSOLUTE
    ..\..\APP\Oled\OLED12864.c               0x00000000   Number         0  oled12864.o ABSOLUTE
    ..\..\APP\STMFLASH\stmflash.c            0x00000000   Number         0  stmflash.o ABSOLUTE
    ..\..\APP\TIMER\timer.c                  0x00000000   Number         0  timer.o ABSOLUTE
    ..\..\Bsp\Applications\main.c            0x00000000   Number         0  main.o ABSOLUTE
    ..\..\Bsp\Drivers\i2c\bsp_i2c_ee.c       0x00000000   Number         0  bsp_i2c_ee.o ABSOLUTE
    ..\..\Bsp\Drivers\i2c\bsp_i2c_gpio.c     0x00000000   Number         0  bsp_i2c_gpio.o ABSOLUTE
    ..\..\Bsp\Libraries\CMSIS\core_cm3.c     0x00000000   Number         0  core_cm3.o ABSOLUTE
    ..\..\Bsp\Libraries\CMSIS\startup\startup_stm32f10x_hd.s 0x00000000   Number         0  startup_stm32f10x_hd.o ABSOLUTE
    ..\..\Bsp\Libraries\CMSIS\system_stm32f10x.c 0x00000000   Number         0  system_stm32f10x.o ABSOLUTE
    ..\..\Bsp\Libraries\FWlib\src\misc.c     0x00000000   Number         0  misc.o ABSOLUTE
    ..\..\Bsp\Libraries\FWlib\src\stm32f10x_adc.c 0x00000000   Number         0  stm32f10x_adc.o ABSOLUTE
    ..\..\Bsp\Libraries\FWlib\src\stm32f10x_bkp.c 0x00000000   Number         0  stm32f10x_bkp.o ABSOLUTE
    ..\..\Bsp\Libraries\FWlib\src\stm32f10x_can.c 0x00000000   Number         0  stm32f10x_can.o ABSOLUTE
    ..\..\Bsp\Libraries\FWlib\src\stm32f10x_cec.c 0x00000000   Number         0  stm32f10x_cec.o ABSOLUTE
    ..\..\Bsp\Libraries\FWlib\src\stm32f10x_crc.c 0x00000000   Number         0  stm32f10x_crc.o ABSOLUTE
    ..\..\Bsp\Libraries\FWlib\src\stm32f10x_dac.c 0x00000000   Number         0  stm32f10x_dac.o ABSOLUTE
    ..\..\Bsp\Libraries\FWlib\src\stm32f10x_dbgmcu.c 0x00000000   Number         0  stm32f10x_dbgmcu.o ABSOLUTE
    ..\..\Bsp\Libraries\FWlib\src\stm32f10x_dma.c 0x00000000   Number         0  stm32f10x_dma.o ABSOLUTE
    ..\..\Bsp\Libraries\FWlib\src\stm32f10x_exti.c 0x00000000   Number         0  stm32f10x_exti.o ABSOLUTE
    ..\..\Bsp\Libraries\FWlib\src\stm32f10x_flash.c 0x00000000   Number         0  stm32f10x_flash.o ABSOLUTE
    ..\..\Bsp\Libraries\FWlib\src\stm32f10x_fsmc.c 0x00000000   Number         0  stm32f10x_fsmc.o ABSOLUTE
    ..\..\Bsp\Libraries\FWlib\src\stm32f10x_gpio.c 0x00000000   Number         0  stm32f10x_gpio.o ABSOLUTE
    ..\..\Bsp\Libraries\FWlib\src\stm32f10x_i2c.c 0x00000000   Number         0  stm32f10x_i2c.o ABSOLUTE
    ..\..\Bsp\Libraries\FWlib\src\stm32f10x_iwdg.c 0x00000000   Number         0  stm32f10x_iwdg.o ABSOLUTE
    ..\..\Bsp\Libraries\FWlib\src\stm32f10x_pwr.c 0x00000000   Number         0  stm32f10x_pwr.o ABSOLUTE
    ..\..\Bsp\Libraries\FWlib\src\stm32f10x_rcc.c 0x00000000   Number         0  stm32f10x_rcc.o ABSOLUTE
    ..\..\Bsp\Libraries\FWlib\src\stm32f10x_rtc.c 0x00000000   Number         0  stm32f10x_rtc.o ABSOLUTE
    ..\..\Bsp\Libraries\FWlib\src\stm32f10x_sdio.c 0x00000000   Number         0  stm32f10x_sdio.o ABSOLUTE
    ..\..\Bsp\Libraries\FWlib\src\stm32f10x_spi.c 0x00000000   Number         0  stm32f10x_spi.o ABSOLUTE
    ..\..\Bsp\Libraries\FWlib\src\stm32f10x_tim.c 0x00000000   Number         0  stm32f10x_tim.o ABSOLUTE
    ..\..\Bsp\Libraries\FWlib\src\stm32f10x_usart.c 0x00000000   Number         0  stm32f10x_usart.o ABSOLUTE
    ..\..\Bsp\Libraries\FWlib\src\stm32f10x_wwdg.c 0x00000000   Number         0  stm32f10x_wwdg.o ABSOLUTE
    ..\..\Bsp\Libraries\System\delay\delay.c 0x00000000   Number         0  delay.o ABSOLUTE
    ..\..\Bsp\Libraries\System\stm32f10x_it.c 0x00000000   Number         0  stm32f10x_it.o ABSOLUTE
    ..\..\Bsp\Libraries\System\sys\sys.c     0x00000000   Number         0  sys.o ABSOLUTE
    ..\..\Bsp\Libraries\System\usart\usart.c 0x00000000   Number         0  usart.o ABSOLUTE
    ..\\..\\Bsp\\Libraries\\CMSIS\\core_cm3.c 0x00000000   Number         0  core_cm3.o ABSOLUTE
    ..\\..\\Bsp\\Libraries\\System\\sys\\sys.c 0x00000000   Number         0  sys.o ABSOLUTE
    cdrcmple.s                               0x00000000   Number         0  cdrcmple.o ABSOLUTE
    dc.s                                     0x00000000   Number         0  dc.o ABSOLUTE
    handlers.s                               0x00000000   Number         0  handlers.o ABSOLUTE
    init.s                                   0x00000000   Number         0  init.o ABSOLUTE
    RESET                                    0x08000000   Section      304  startup_stm32f10x_hd.o(RESET)
    .ARM.Collect$$$$00000000                 0x08000130   Section        0  entry.o(.ARM.Collect$$$$00000000)
    .ARM.Collect$$$$00000001                 0x08000130   Section        4  entry2.o(.ARM.Collect$$$$00000001)
    .ARM.Collect$$$$00000004                 0x08000134   Section        4  entry5.o(.ARM.Collect$$$$00000004)
    .ARM.Collect$$$$00000008                 0x08000138   Section        0  entry7b.o(.ARM.Collect$$$$00000008)
    .ARM.Collect$$$$0000000A                 0x08000138   Section        0  entry8b.o(.ARM.Collect$$$$0000000A)
    .ARM.Collect$$$$0000000B                 0x08000138   Section        8  entry9a.o(.ARM.Collect$$$$0000000B)
    .ARM.Collect$$$$0000000D                 0x08000140   Section        0  entry10a.o(.ARM.Collect$$$$0000000D)
    .ARM.Collect$$$$0000000F                 0x08000140   Section        0  entry11a.o(.ARM.Collect$$$$0000000F)
    .ARM.Collect$$$$00002712                 0x08000140   Section        4  entry2.o(.ARM.Collect$$$$00002712)
    __lit__00000000                          0x08000140   Data           4  entry2.o(.ARM.Collect$$$$00002712)
    .emb_text                                0x08000144   Section        6  sys.o(.emb_text)
    .text                                    0x0800014c   Section        0  can.o(.text)
    .text                                    0x080002bc   Section        0  iap.o(.text)
    .text                                    0x080003b0   Section        0  stmflash.o(.text)
    .text                                    0x080004f4   Section        0  bsp_key.o(.text)
    .text                                    0x08000554   Section        0  timer.o(.text)
    .text                                    0x080005d0   Section        0  main.o(.text)
    .text                                    0x0800099c   Section        0  oled12864.o(.text)
    .text                                    0x0800100c   Section        0  stm32f10x_it.o(.text)
    .text                                    0x08001028   Section        0  delay.o(.text)
    .text                                    0x080010fc   Section        0  usart.o(.text)
    .text                                    0x080011f4   Section        0  misc.o(.text)
    .text                                    0x080012d0   Section        0  stm32f10x_can.o(.text)
    CheckITStatus                            0x08001ad3   Thumb Code    18  stm32f10x_can.o(.text)
    .text                                    0x08001cc0   Section        0  stm32f10x_flash.o(.text)
    .text                                    0x0800227c   Section        0  stm32f10x_gpio.o(.text)
    .text                                    0x080025d8   Section        0  stm32f10x_rcc.o(.text)
    .text                                    0x0800297c   Section        0  stm32f10x_tim.o(.text)
    TI4_Config                               0x08002e23   Thumb Code   130  stm32f10x_tim.o(.text)
    TI3_Config                               0x08002eb7   Thumb Code   122  stm32f10x_tim.o(.text)
    TI2_Config                               0x08002f4b   Thumb Code   130  stm32f10x_tim.o(.text)
    TI1_Config                               0x08002fdf   Thumb Code   108  stm32f10x_tim.o(.text)
    .text                                    0x08003798   Section        0  stm32f10x_usart.o(.text)
    .text                                    0x08003ba0   Section        0  system_stm32f10x.o(.text)
    SetSysClockTo72                          0x08003ba1   Thumb Code   214  system_stm32f10x.o(.text)
    SetSysClock                              0x08003c77   Thumb Code     8  system_stm32f10x.o(.text)
    .text                                    0x08003d80   Section       36  startup_stm32f10x_hd.o(.text)
    .text                                    0x08003da4   Section        0  uldiv.o(.text)
    .text                                    0x08003e08   Section       36  init.o(.text)
    .text                                    0x08003e2c   Section        0  llshl.o(.text)
    .text                                    0x08003e4a   Section        0  llushr.o(.text)
    .text                                    0x08003e6a   Section        0  __dczerorl2.o(.text)
    i.__0printf$8                            0x08003ec0   Section        0  printf8.o(i.__0printf$8)
    i.__scatterload_copy                     0x08003ee0   Section       14  handlers.o(i.__scatterload_copy)
    i.__scatterload_null                     0x08003eee   Section        2  handlers.o(i.__scatterload_null)
    i.__scatterload_zeroinit                 0x08003ef0   Section       14  handlers.o(i.__scatterload_zeroinit)
    i._printf_core                           0x08003f00   Section        0  printf8.o(i._printf_core)
    _printf_core                             0x08003f01   Thumb Code   996  printf8.o(i._printf_core)
    i._printf_post_padding                   0x08004310   Section        0  printf8.o(i._printf_post_padding)
    _printf_post_padding                     0x08004311   Thumb Code    36  printf8.o(i._printf_post_padding)
    i._printf_pre_padding                    0x08004334   Section        0  printf8.o(i._printf_pre_padding)
    _printf_pre_padding                      0x08004335   Thumb Code    46  printf8.o(i._printf_pre_padding)
    .constdata                               0x08004362   Section     2072  oled12864.o(.constdata)
    .data                                    0x20000000   Section       12  iap.o(.data)
    .data                                    0x2000000c   Section        2  timer.o(.data)
    .data                                    0x2000000e   Section      656  oled12864.o(.data)
    .data                                    0x2000029e   Section        4  delay.o(.data)
    fac_us                                   0x2000029e   Data           1  delay.o(.data)
    fac_ms                                   0x200002a0   Data           2  delay.o(.data)
    .data                                    0x200002a4   Section       18  usart.o(.data)
    .data                                    0x200002b6   Section       20  stm32f10x_rcc.o(.data)
    APBAHBPrescTable                         0x200002b6   Data          16  stm32f10x_rcc.o(.data)
    ADCPrescTable                            0x200002c6   Data           4  stm32f10x_rcc.o(.data)
    .data                                    0x200002cc   Section       20  system_stm32f10x.o(.data)
    .bss                                     0x200002e0   Section     4096  iap.o(.bss)
    .bss                                     0x200012e0   Section     1024  stmflash.o(.bss)
    STACK                                    0x200016e0   Section     1024  startup_stm32f10x_hd.o(STACK)

    Global Symbols

    Symbol Name                              Value     Ov Type        Size  Object(Section)

    BuildAttributes$$THM_ISAv4$P$D$K$B$S$PE$A:L22UL41UL21$X:L11$S22US41US21$IEEE1$IW$USESV6$~STKCKD$USESV7$~SHL$OSPACE$ROPI$EBA8$MICROLIB$REQ8$PRES8$EABIv2 0x00000000   Number         0  anon$$obj.o ABSOLUTE
    __ARM_use_no_argv                        0x00000000   Number         0  main.o ABSOLUTE
    __use_no_errno                           0x00000000   Number         0  useno.o ABSOLUTE
    __use_no_exception_handling              0x00000000   Number         0  useno.o ABSOLUTE
    __use_no_fp                              0x00000000   Number         0  useno.o ABSOLUTE
    __use_no_heap                            0x00000000   Number         0  useno.o ABSOLUTE
    __use_no_heap_region                     0x00000000   Number         0  useno.o ABSOLUTE
    __use_no_semihosting                     0x00000000   Number         0  useno.o ABSOLUTE
    __use_no_semihosting_swi                 0x00000000   Number         0  useno.o ABSOLUTE
    __use_no_signal_handling                 0x00000000   Number         0  useno.o ABSOLUTE
    _printf_a                                0x00000000   Number         0  stubs.o ABSOLUTE
    _printf_c                                0x00000000   Number         0  stubs.o ABSOLUTE
    _printf_charcount                        0x00000000   Number         0  stubs.o ABSOLUTE
    _printf_d                                0x00000000   Number         0  stubs.o ABSOLUTE
    _printf_e                                0x00000000   Number         0  stubs.o ABSOLUTE
    _printf_f                                0x00000000   Number         0  stubs.o ABSOLUTE
    _printf_flags                            0x00000000   Number         0  stubs.o ABSOLUTE
    _printf_fp_dec                           0x00000000   Number         0  stubs.o ABSOLUTE
    _printf_fp_hex                           0x00000000   Number         0  stubs.o ABSOLUTE
    _printf_g                                0x00000000   Number         0  stubs.o ABSOLUTE
    _printf_i                                0x00000000   Number         0  stubs.o ABSOLUTE
    _printf_int_dec                          0x00000000   Number         0  stubs.o ABSOLUTE
    _printf_l                                0x00000000   Number         0  stubs.o ABSOLUTE
    _printf_lc                               0x00000000   Number         0  stubs.o ABSOLUTE
    _printf_ll                               0x00000000   Number         0  stubs.o ABSOLUTE
    _printf_lld                              0x00000000   Number         0  stubs.o ABSOLUTE
    _printf_lli                              0x00000000   Number         0  stubs.o ABSOLUTE
    _printf_llo                              0x00000000   Number         0  stubs.o ABSOLUTE
    _printf_llu                              0x00000000   Number         0  stubs.o ABSOLUTE
    _printf_llx                              0x00000000   Number         0  stubs.o ABSOLUTE
    _printf_longlong_dec                     0x00000000   Number         0  stubs.o ABSOLUTE
    _printf_longlong_hex                     0x00000000   Number         0  stubs.o ABSOLUTE
    _printf_longlong_oct                     0x00000000   Number         0  stubs.o ABSOLUTE
    _printf_ls                               0x00000000   Number         0  stubs.o ABSOLUTE
    _printf_mbtowc                           0x00000000   Number         0  stubs.o ABSOLUTE
    _printf_n                                0x00000000   Number         0  stubs.o ABSOLUTE
    _printf_o                                0x00000000   Number         0  stubs.o ABSOLUTE
    _printf_p                                0x00000000   Number         0  stubs.o ABSOLUTE
    _printf_percent                          0x00000000   Number         0  stubs.o ABSOLUTE
    _printf_pre_padding                      0x00000000   Number         0  stubs.o ABSOLUTE
    _printf_return_value                     0x00000000   Number         0  stubs.o ABSOLUTE
    _printf_s                                0x00000000   Number         0  stubs.o ABSOLUTE
    _printf_sizespec                         0x00000000   Number         0  stubs.o ABSOLUTE
    _printf_str                              0x00000000   Number         0  stubs.o ABSOLUTE
    _printf_truncate_signed                  0x00000000   Number         0  stubs.o ABSOLUTE
    _printf_truncate_unsigned                0x00000000   Number         0  stubs.o ABSOLUTE
    _printf_u                                0x00000000   Number         0  stubs.o ABSOLUTE
    _printf_wc                               0x00000000   Number         0  stubs.o ABSOLUTE
    _printf_wctomb                           0x00000000   Number         0  stubs.o ABSOLUTE
    _printf_widthprec                        0x00000000   Number         0  stubs.o ABSOLUTE
    _printf_x                                0x00000000   Number         0  stubs.o ABSOLUTE
    __cpp_initialize__aeabi_                  - Undefined Weak Reference
    __cxa_finalize                            - Undefined Weak Reference
    _clock_init                               - Undefined Weak Reference
    _microlib_exit                            - Undefined Weak Reference
    __Vectors_Size                           0x00000130   Number         0  startup_stm32f10x_hd.o ABSOLUTE
    __Vectors                                0x08000000   Data           4  startup_stm32f10x_hd.o(RESET)
    __Vectors_End                            0x08000130   Data           0  startup_stm32f10x_hd.o(RESET)
    __main                                   0x08000131   Thumb Code     0  entry.o(.ARM.Collect$$$$00000000)
    _main_stk                                0x08000131   Thumb Code     0  entry2.o(.ARM.Collect$$$$00000001)
    _main_scatterload                        0x08000135   Thumb Code     0  entry5.o(.ARM.Collect$$$$00000004)
    __main_after_scatterload                 0x08000139   Thumb Code     0  entry5.o(.ARM.Collect$$$$00000004)
    _main_clock                              0x08000139   Thumb Code     0  entry7b.o(.ARM.Collect$$$$00000008)
    _main_cpp_init                           0x08000139   Thumb Code     0  entry8b.o(.ARM.Collect$$$$0000000A)
    _main_init                               0x08000139   Thumb Code     0  entry9a.o(.ARM.Collect$$$$0000000B)
    __rt_final_cpp                           0x08000141   Thumb Code     0  entry10a.o(.ARM.Collect$$$$0000000D)
    __rt_final_exit                          0x08000141   Thumb Code     0  entry11a.o(.ARM.Collect$$$$0000000F)
    MSR_MSP                                  0x08000145   Thumb Code     6  sys.o(.emb_text)
    CAN_Mode_Init                            0x0800014d   Thumb Code   200  can.o(.text)
    Can_Send_Msg                             0x08000215   Thumb Code   104  can.o(.text)
    Can_Receive_Msg                          0x0800027d   Thumb Code    56  can.o(.text)
    iap_write_appbin_8                       0x080002bd   Thumb Code    96  iap.o(.text)
    iap_write_appbin                         0x0800031d   Thumb Code    98  iap.o(.text)
    iap_load_app                             0x0800037f   Thumb Code    36  iap.o(.text)
    STMFLASH_ReadHalfWord                    0x080003b1   Thumb Code     6  stmflash.o(.text)
    STMFLASH_Write_NoCheck                   0x080003b7   Thumb Code    38  stmflash.o(.text)
    STMFLASH_Read                            0x080003dd   Thumb Code    34  stmflash.o(.text)
    STMFLASH_Write                           0x080003ff   Thumb Code   222  stmflash.o(.text)
    Test_Write                               0x080004dd   Thumb Code    16  stmflash.o(.text)
    Key_GPIO_Config                          0x080004f5   Thumb Code    52  bsp_key.o(.text)
    Key_Scan                                 0x08000529   Thumb Code    40  bsp_key.o(.text)
    TIM3_Int_Init                            0x08000555   Thumb Code    82  timer.o(.text)
    TIM3_IRQHandler                          0x080005a7   Thumb Code    32  timer.o(.text)
    main                                     0x080005d1   Thumb Code   640  main.o(.text)
    I2C_Configuration                        0x0800099d   Thumb Code   104  oled12864.o(.text)
    SCL_high                                 0x08000a05   Thumb Code    12  oled12864.o(.text)
    SCL_low                                  0x08000a11   Thumb Code    12  oled12864.o(.text)
    SDA_high                                 0x08000a1d   Thumb Code    12  oled12864.o(.text)
    SDA_low                                  0x08000a29   Thumb Code    12  oled12864.o(.text)
    SDA_OUT                                  0x08000a35   Thumb Code    30  oled12864.o(.text)
    SDA_IN                                   0x08000a53   Thumb Code    30  oled12864.o(.text)
    IIC_Start                                0x08000a71   Thumb Code    42  oled12864.o(.text)
    IIC_Stop                                 0x08000a9b   Thumb Code    38  oled12864.o(.text)
    IIC_Wait_Ask                             0x08000ac1   Thumb Code    60  oled12864.o(.text)
    Write_IIC_Byte                           0x08000afd   Thumb Code    66  oled12864.o(.text)
    IIC_ReadByte                             0x08000b3f   Thumb Code    82  oled12864.o(.text)
    OLED_WrDat                               0x08000b91   Thumb Code    44  oled12864.o(.text)
    OLED_WrCmd                               0x08000bbd   Thumb Code    44  oled12864.o(.text)
    OLED_Set_Pos                             0x08000be9   Thumb Code    40  oled12864.o(.text)
    OLED_Fill                                0x08000c11   Thumb Code    58  oled12864.o(.text)
    OLED_CLS                                 0x08000c4b   Thumb Code    56  oled12864.o(.text)
    OLED_Init                                0x08000c83   Thumb Code   198  oled12864.o(.text)
    OLED_P8x16                               0x08000d49   Thumb Code    96  oled12864.o(.text)
    OLED_P6x8Str                             0x08000da9   Thumb Code    96  oled12864.o(.text)
    OLED_P8x16Str                            0x08000e09   Thumb Code   130  oled12864.o(.text)
    mypow                                    0x08000e8b   Thumb Code    22  oled12864.o(.text)
    OLED_ShowNum                             0x08000ea1   Thumb Code   132  oled12864.o(.text)
    OLED_P16x16Ch                            0x08000f25   Thumb Code    80  oled12864.o(.text)
    Draw_BMP                                 0x08000f75   Thumb Code   116  oled12864.o(.text)
    OLED_ON                                  0x08000fe9   Thumb Code    22  oled12864.o(.text)
    NMI_Handler                              0x0800100d   Thumb Code     2  stm32f10x_it.o(.text)
    HardFault_Handler                        0x0800100f   Thumb Code     4  stm32f10x_it.o(.text)
    MemManage_Handler                        0x08001013   Thumb Code     4  stm32f10x_it.o(.text)
    BusFault_Handler                         0x08001017   Thumb Code     4  stm32f10x_it.o(.text)
    UsageFault_Handler                       0x0800101b   Thumb Code     4  stm32f10x_it.o(.text)
    SVC_Handler                              0x0800101f   Thumb Code     2  stm32f10x_it.o(.text)
    DebugMon_Handler                         0x08001021   Thumb Code     2  stm32f10x_it.o(.text)
    PendSV_Handler                           0x08001023   Thumb Code     2  stm32f10x_it.o(.text)
    SysTick_Handler                          0x08001025   Thumb Code     2  stm32f10x_it.o(.text)
    delay_init                               0x08001029   Thumb Code    50  delay.o(.text)
    delay_us                                 0x0800105b   Thumb Code    72  delay.o(.text)
    delay_ms                                 0x080010a3   Thumb Code    72  delay.o(.text)
    _sys_exit                                0x080010fd   Thumb Code     6  usart.o(.text)
    fputc                                    0x08001103   Thumb Code    24  usart.o(.text)
    uart_init                                0x0800111b   Thumb Code   152  usart.o(.text)
    USART1_IRQHandler                        0x080011b3   Thumb Code    48  usart.o(.text)
    NVIC_PriorityGroupConfig                 0x080011f5   Thumb Code    10  misc.o(.text)
    NVIC_Init                                0x080011ff   Thumb Code   100  misc.o(.text)
    NVIC_SetVectorTable                      0x08001263   Thumb Code    14  misc.o(.text)
    NVIC_SystemLPConfig                      0x08001271   Thumb Code    34  misc.o(.text)
    SysTick_CLKSourceConfig                  0x08001293   Thumb Code    40  misc.o(.text)
    CAN_DeInit                               0x080012d1   Thumb Code    50  stm32f10x_can.o(.text)
    CAN_Init                                 0x08001303   Thumb Code   276  stm32f10x_can.o(.text)
    CAN_FilterInit                           0x08001417   Thumb Code   258  stm32f10x_can.o(.text)
    CAN_StructInit                           0x08001519   Thumb Code    32  stm32f10x_can.o(.text)
    CAN_SlaveStartBank                       0x08001539   Thumb Code    48  stm32f10x_can.o(.text)
    CAN_DBGFreeze                            0x08001569   Thumb Code    22  stm32f10x_can.o(.text)
    CAN_TTComModeCmd                         0x0800157f   Thumb Code   118  stm32f10x_can.o(.text)
    CAN_Transmit                             0x080015f5   Thumb Code   304  stm32f10x_can.o(.text)
    CAN_TransmitStatus                       0x08001725   Thumb Code   138  stm32f10x_can.o(.text)
    CAN_CancelTransmit                       0x080017af   Thumb Code    48  stm32f10x_can.o(.text)
    CAN_Receive                              0x080017df   Thumb Code   240  stm32f10x_can.o(.text)
    CAN_FIFORelease                          0x080018cf   Thumb Code    22  stm32f10x_can.o(.text)
    CAN_MessagePending                       0x080018e5   Thumb Code    30  stm32f10x_can.o(.text)
    CAN_OperatingModeRequest                 0x08001903   Thumb Code   162  stm32f10x_can.o(.text)
    CAN_Sleep                                0x080019a5   Thumb Code    30  stm32f10x_can.o(.text)
    CAN_WakeUp                               0x080019c3   Thumb Code    48  stm32f10x_can.o(.text)
    CAN_GetLastErrorCode                     0x080019f3   Thumb Code    12  stm32f10x_can.o(.text)
    CAN_GetReceiveErrorCounter               0x080019ff   Thumb Code    10  stm32f10x_can.o(.text)
    CAN_GetLSBTransmitErrorCounter           0x08001a09   Thumb Code    12  stm32f10x_can.o(.text)
    CAN_ITConfig                             0x08001a15   Thumb Code    18  stm32f10x_can.o(.text)
    CAN_GetFlagStatus                        0x08001a27   Thumb Code   120  stm32f10x_can.o(.text)
    CAN_ClearFlag                            0x08001a9f   Thumb Code    52  stm32f10x_can.o(.text)
    CAN_GetITStatus                          0x08001ae5   Thumb Code   310  stm32f10x_can.o(.text)
    CAN_ClearITPendingBit                    0x08001c1b   Thumb Code   162  stm32f10x_can.o(.text)
    FLASH_SetLatency                         0x08001cc1   Thumb Code    18  stm32f10x_flash.o(.text)
    FLASH_HalfCycleAccessCmd                 0x08001cd3   Thumb Code    22  stm32f10x_flash.o(.text)
    FLASH_PrefetchBufferCmd                  0x08001ce9   Thumb Code    22  stm32f10x_flash.o(.text)
    FLASH_Unlock                             0x08001cff   Thumb Code    12  stm32f10x_flash.o(.text)
    FLASH_UnlockBank1                        0x08001d0b   Thumb Code    12  stm32f10x_flash.o(.text)
    FLASH_Lock                               0x08001d17   Thumb Code    14  stm32f10x_flash.o(.text)
    FLASH_LockBank1                          0x08001d25   Thumb Code    14  stm32f10x_flash.o(.text)
    FLASH_GetBank1Status                     0x08001d33   Thumb Code    48  stm32f10x_flash.o(.text)
    FLASH_WaitForLastOperation               0x08001d63   Thumb Code    38  stm32f10x_flash.o(.text)
    FLASH_ErasePage                          0x08001d89   Thumb Code    72  stm32f10x_flash.o(.text)
    FLASH_EraseAllPages                      0x08001dd1   Thumb Code    68  stm32f10x_flash.o(.text)
    FLASH_WaitForLastBank1Operation          0x08001e15   Thumb Code    38  stm32f10x_flash.o(.text)
    FLASH_EraseAllBank1Pages                 0x08001e3b   Thumb Code    68  stm32f10x_flash.o(.text)
    FLASH_GetReadOutProtectionStatus         0x08001e7f   Thumb Code    20  stm32f10x_flash.o(.text)
    FLASH_EraseOptionBytes                   0x08001e93   Thumb Code   150  stm32f10x_flash.o(.text)
    FLASH_ProgramWord                        0x08001f29   Thumb Code   102  stm32f10x_flash.o(.text)
    FLASH_ProgramHalfWord                    0x08001f8f   Thumb Code    60  stm32f10x_flash.o(.text)
    FLASH_ProgramOptionByteData              0x08001fcb   Thumb Code    72  stm32f10x_flash.o(.text)
    FLASH_EnableWriteProtection              0x08002013   Thumb Code   200  stm32f10x_flash.o(.text)
    FLASH_ReadOutProtection                  0x080020db   Thumb Code   156  stm32f10x_flash.o(.text)
    FLASH_UserOptionByteConfig               0x08002177   Thumb Code    88  stm32f10x_flash.o(.text)
    FLASH_GetUserOptionByte                  0x080021cf   Thumb Code     8  stm32f10x_flash.o(.text)
    FLASH_GetWriteProtectionOptionByte       0x080021d7   Thumb Code     6  stm32f10x_flash.o(.text)
    FLASH_GetPrefetchBufferStatus            0x080021dd   Thumb Code    20  stm32f10x_flash.o(.text)
    FLASH_ITConfig                           0x080021f1   Thumb Code    26  stm32f10x_flash.o(.text)
    FLASH_GetFlagStatus                      0x0800220b   Thumb Code    42  stm32f10x_flash.o(.text)
    FLASH_ClearFlag                          0x08002235   Thumb Code     6  stm32f10x_flash.o(.text)
    FLASH_GetStatus                          0x0800223b   Thumb Code    48  stm32f10x_flash.o(.text)
    GPIO_DeInit                              0x0800227d   Thumb Code   172  stm32f10x_gpio.o(.text)
    GPIO_AFIODeInit                          0x08002329   Thumb Code    20  stm32f10x_gpio.o(.text)
    GPIO_Init                                0x0800233d   Thumb Code   278  stm32f10x_gpio.o(.text)
    GPIO_StructInit                          0x08002453   Thumb Code    16  stm32f10x_gpio.o(.text)
    GPIO_ReadInputDataBit                    0x08002463   Thumb Code    18  stm32f10x_gpio.o(.text)
    GPIO_ReadInputData                       0x08002475   Thumb Code     8  stm32f10x_gpio.o(.text)
    GPIO_ReadOutputDataBit                   0x0800247d   Thumb Code    18  stm32f10x_gpio.o(.text)
    GPIO_ReadOutputData                      0x0800248f   Thumb Code     8  stm32f10x_gpio.o(.text)
    GPIO_SetBits                             0x08002497   Thumb Code     4  stm32f10x_gpio.o(.text)
    GPIO_ResetBits                           0x0800249b   Thumb Code     4  stm32f10x_gpio.o(.text)
    GPIO_WriteBit                            0x0800249f   Thumb Code    10  stm32f10x_gpio.o(.text)
    GPIO_Write                               0x080024a9   Thumb Code     4  stm32f10x_gpio.o(.text)
    GPIO_PinLockConfig                       0x080024ad   Thumb Code    18  stm32f10x_gpio.o(.text)
    GPIO_EventOutputConfig                   0x080024bf   Thumb Code    26  stm32f10x_gpio.o(.text)
    GPIO_EventOutputCmd                      0x080024d9   Thumb Code     6  stm32f10x_gpio.o(.text)
    GPIO_PinRemapConfig                      0x080024df   Thumb Code   138  stm32f10x_gpio.o(.text)
    GPIO_EXTILineConfig                      0x08002569   Thumb Code    66  stm32f10x_gpio.o(.text)
    GPIO_ETH_MediaInterfaceConfig            0x080025ab   Thumb Code     8  stm32f10x_gpio.o(.text)
    RCC_DeInit                               0x080025d9   Thumb Code    64  stm32f10x_rcc.o(.text)
    RCC_HSEConfig                            0x08002619   Thumb Code    70  stm32f10x_rcc.o(.text)
    RCC_GetFlagStatus                        0x0800265f   Thumb Code    56  stm32f10x_rcc.o(.text)
    RCC_WaitForHSEStartUp                    0x08002697   Thumb Code    56  stm32f10x_rcc.o(.text)
    RCC_AdjustHSICalibrationValue            0x080026cf   Thumb Code    20  stm32f10x_rcc.o(.text)
    RCC_HSICmd                               0x080026e3   Thumb Code     6  stm32f10x_rcc.o(.text)
    RCC_PLLConfig                            0x080026e9   Thumb Code    24  stm32f10x_rcc.o(.text)
    RCC_PLLCmd                               0x08002701   Thumb Code     6  stm32f10x_rcc.o(.text)
    RCC_SYSCLKConfig                         0x08002707   Thumb Code    18  stm32f10x_rcc.o(.text)
    RCC_GetSYSCLKSource                      0x08002719   Thumb Code    10  stm32f10x_rcc.o(.text)
    RCC_HCLKConfig                           0x08002723   Thumb Code    18  stm32f10x_rcc.o(.text)
    RCC_PCLK1Config                          0x08002735   Thumb Code    18  stm32f10x_rcc.o(.text)
    RCC_PCLK2Config                          0x08002747   Thumb Code    20  stm32f10x_rcc.o(.text)
    RCC_ITConfig                             0x0800275b   Thumb Code    26  stm32f10x_rcc.o(.text)
    RCC_USBCLKConfig                         0x08002775   Thumb Code     8  stm32f10x_rcc.o(.text)
    RCC_ADCCLKConfig                         0x0800277d   Thumb Code    18  stm32f10x_rcc.o(.text)
    RCC_LSEConfig                            0x0800278f   Thumb Code    50  stm32f10x_rcc.o(.text)
    RCC_LSICmd                               0x080027c1   Thumb Code     6  stm32f10x_rcc.o(.text)
    RCC_RTCCLKConfig                         0x080027c7   Thumb Code    12  stm32f10x_rcc.o(.text)
    RCC_RTCCLKCmd                            0x080027d3   Thumb Code     8  stm32f10x_rcc.o(.text)
    RCC_GetClocksFreq                        0x080027db   Thumb Code   192  stm32f10x_rcc.o(.text)
    RCC_AHBPeriphClockCmd                    0x0800289b   Thumb Code    26  stm32f10x_rcc.o(.text)
    RCC_APB2PeriphClockCmd                   0x080028b5   Thumb Code    26  stm32f10x_rcc.o(.text)
    RCC_APB1PeriphClockCmd                   0x080028cf   Thumb Code    26  stm32f10x_rcc.o(.text)
    RCC_APB2PeriphResetCmd                   0x080028e9   Thumb Code    26  stm32f10x_rcc.o(.text)
    RCC_APB1PeriphResetCmd                   0x08002903   Thumb Code    26  stm32f10x_rcc.o(.text)
    RCC_BackupResetCmd                       0x0800291d   Thumb Code     8  stm32f10x_rcc.o(.text)
    RCC_ClockSecuritySystemCmd               0x08002925   Thumb Code     6  stm32f10x_rcc.o(.text)
    RCC_MCOConfig                            0x0800292b   Thumb Code     6  stm32f10x_rcc.o(.text)
    RCC_ClearFlag                            0x08002931   Thumb Code    14  stm32f10x_rcc.o(.text)
    RCC_GetITStatus                          0x0800293f   Thumb Code    20  stm32f10x_rcc.o(.text)
    RCC_ClearITPendingBit                    0x08002953   Thumb Code     6  stm32f10x_rcc.o(.text)
    TIM_DeInit                               0x0800297d   Thumb Code   424  stm32f10x_tim.o(.text)
    TIM_TimeBaseInit                         0x08002b25   Thumb Code   122  stm32f10x_tim.o(.text)
    TIM_OC1Init                              0x08002b9f   Thumb Code   132  stm32f10x_tim.o(.text)
    TIM_OC2Init                              0x08002c23   Thumb Code   154  stm32f10x_tim.o(.text)
    TIM_OC3Init                              0x08002cbd   Thumb Code   150  stm32f10x_tim.o(.text)
    TIM_OC4Init                              0x08002d53   Thumb Code   182  stm32f10x_tim.o(.text)
    TIM_SetIC4Prescaler                      0x08002e09   Thumb Code    26  stm32f10x_tim.o(.text)
    TIM_SetIC3Prescaler                      0x08002ea5   Thumb Code    18  stm32f10x_tim.o(.text)
    TIM_SetIC2Prescaler                      0x08002f31   Thumb Code    26  stm32f10x_tim.o(.text)
    TIM_SetIC1Prescaler                      0x08002fcd   Thumb Code    18  stm32f10x_tim.o(.text)
    TIM_ICInit                               0x0800304b   Thumb Code   150  stm32f10x_tim.o(.text)
    TIM_PWMIConfig                           0x080030e1   Thumb Code   124  stm32f10x_tim.o(.text)
    TIM_BDTRConfig                           0x0800315d   Thumb Code    32  stm32f10x_tim.o(.text)
    TIM_TimeBaseStructInit                   0x0800317d   Thumb Code    18  stm32f10x_tim.o(.text)
    TIM_OCStructInit                         0x0800318f   Thumb Code    20  stm32f10x_tim.o(.text)
    TIM_ICStructInit                         0x080031a3   Thumb Code    18  stm32f10x_tim.o(.text)
    TIM_BDTRStructInit                       0x080031b5   Thumb Code    40  stm32f10x_tim.o(.text)
    TIM_Cmd                                  0x080031dd   Thumb Code    24  stm32f10x_tim.o(.text)
    TIM_CtrlPWMOutputs                       0x080031f5   Thumb Code    30  stm32f10x_tim.o(.text)
    TIM_ITConfig                             0x08003213   Thumb Code    18  stm32f10x_tim.o(.text)
    TIM_GenerateEvent                        0x08003225   Thumb Code     4  stm32f10x_tim.o(.text)
    TIM_DMAConfig                            0x08003229   Thumb Code    10  stm32f10x_tim.o(.text)
    TIM_DMACmd                               0x08003233   Thumb Code    18  stm32f10x_tim.o(.text)
    TIM_InternalClockConfig                  0x08003245   Thumb Code    12  stm32f10x_tim.o(.text)
    TIM_SelectInputTrigger                   0x08003251   Thumb Code    18  stm32f10x_tim.o(.text)
    TIM_ITRxExternalClockConfig              0x08003263   Thumb Code    24  stm32f10x_tim.o(.text)
    TIM_TIxExternalClockConfig               0x0800327b   Thumb Code    62  stm32f10x_tim.o(.text)
    TIM_ETRConfig                            0x080032b9   Thumb Code    28  stm32f10x_tim.o(.text)
    TIM_ETRClockMode1Config                  0x080032d5   Thumb Code    54  stm32f10x_tim.o(.text)
    TIM_ETRClockMode2Config                  0x0800330b   Thumb Code    32  stm32f10x_tim.o(.text)
    TIM_PrescalerConfig                      0x0800332b   Thumb Code     6  stm32f10x_tim.o(.text)
    TIM_CounterModeConfig                    0x08003331   Thumb Code    18  stm32f10x_tim.o(.text)
    TIM_EncoderInterfaceConfig               0x08003343   Thumb Code    66  stm32f10x_tim.o(.text)
    TIM_ForcedOC1Config                      0x08003385   Thumb Code    18  stm32f10x_tim.o(.text)
    TIM_ForcedOC2Config                      0x08003397   Thumb Code    26  stm32f10x_tim.o(.text)
    TIM_ForcedOC3Config                      0x080033b1   Thumb Code    18  stm32f10x_tim.o(.text)
    TIM_ForcedOC4Config                      0x080033c3   Thumb Code    26  stm32f10x_tim.o(.text)
    TIM_ARRPreloadConfig                     0x080033dd   Thumb Code    24  stm32f10x_tim.o(.text)
    TIM_SelectCOM                            0x080033f5   Thumb Code    24  stm32f10x_tim.o(.text)
    TIM_SelectCCDMA                          0x0800340d   Thumb Code    24  stm32f10x_tim.o(.text)
    TIM_CCPreloadControl                     0x08003425   Thumb Code    24  stm32f10x_tim.o(.text)
    TIM_OC1PreloadConfig                     0x0800343d   Thumb Code    18  stm32f10x_tim.o(.text)
    TIM_OC2PreloadConfig                     0x0800344f   Thumb Code    26  stm32f10x_tim.o(.text)
    TIM_OC3PreloadConfig                     0x08003469   Thumb Code    18  stm32f10x_tim.o(.text)
    TIM_OC4PreloadConfig                     0x0800347b   Thumb Code    26  stm32f10x_tim.o(.text)
    TIM_OC1FastConfig                        0x08003495   Thumb Code    18  stm32f10x_tim.o(.text)
    TIM_OC2FastConfig                        0x080034a7   Thumb Code    26  stm32f10x_tim.o(.text)
    TIM_OC3FastConfig                        0x080034c1   Thumb Code    18  stm32f10x_tim.o(.text)
    TIM_OC4FastConfig                        0x080034d3   Thumb Code    26  stm32f10x_tim.o(.text)
    TIM_ClearOC1Ref                          0x080034ed   Thumb Code    18  stm32f10x_tim.o(.text)
    TIM_ClearOC2Ref                          0x080034ff   Thumb Code    24  stm32f10x_tim.o(.text)
    TIM_ClearOC3Ref                          0x08003517   Thumb Code    18  stm32f10x_tim.o(.text)
    TIM_ClearOC4Ref                          0x08003529   Thumb Code    24  stm32f10x_tim.o(.text)
    TIM_OC1PolarityConfig                    0x08003541   Thumb Code    18  stm32f10x_tim.o(.text)
    TIM_OC1NPolarityConfig                   0x08003553   Thumb Code    18  stm32f10x_tim.o(.text)
    TIM_OC2PolarityConfig                    0x08003565   Thumb Code    26  stm32f10x_tim.o(.text)
    TIM_OC2NPolarityConfig                   0x0800357f   Thumb Code    26  stm32f10x_tim.o(.text)
    TIM_OC3PolarityConfig                    0x08003599   Thumb Code    26  stm32f10x_tim.o(.text)
    TIM_OC3NPolarityConfig                   0x080035b3   Thumb Code    26  stm32f10x_tim.o(.text)
    TIM_OC4PolarityConfig                    0x080035cd   Thumb Code    26  stm32f10x_tim.o(.text)
    TIM_CCxCmd                               0x080035e7   Thumb Code    30  stm32f10x_tim.o(.text)
    TIM_CCxNCmd                              0x08003605   Thumb Code    30  stm32f10x_tim.o(.text)
    TIM_SelectOCxM                           0x08003623   Thumb Code    82  stm32f10x_tim.o(.text)
    TIM_UpdateDisableConfig                  0x08003675   Thumb Code    24  stm32f10x_tim.o(.text)
    TIM_UpdateRequestConfig                  0x0800368d   Thumb Code    24  stm32f10x_tim.o(.text)
    TIM_SelectHallSensor                     0x080036a5   Thumb Code    24  stm32f10x_tim.o(.text)
    TIM_SelectOnePulseMode                   0x080036bd   Thumb Code    18  stm32f10x_tim.o(.text)
    TIM_SelectOutputTrigger                  0x080036cf   Thumb Code    18  stm32f10x_tim.o(.text)
    TIM_SelectSlaveMode                      0x080036e1   Thumb Code    18  stm32f10x_tim.o(.text)
    TIM_SelectMasterSlaveMode                0x080036f3   Thumb Code    18  stm32f10x_tim.o(.text)
    TIM_SetCounter                           0x08003705   Thumb Code     4  stm32f10x_tim.o(.text)
    TIM_SetAutoreload                        0x08003709   Thumb Code     4  stm32f10x_tim.o(.text)
    TIM_SetCompare1                          0x0800370d   Thumb Code     4  stm32f10x_tim.o(.text)
    TIM_SetCompare2                          0x08003711   Thumb Code     4  stm32f10x_tim.o(.text)
    TIM_SetCompare3                          0x08003715   Thumb Code     4  stm32f10x_tim.o(.text)
    TIM_SetCompare4                          0x08003719   Thumb Code     6  stm32f10x_tim.o(.text)
    TIM_SetClockDivision                     0x0800371f   Thumb Code    18  stm32f10x_tim.o(.text)
    TIM_GetCapture1                          0x08003731   Thumb Code     6  stm32f10x_tim.o(.text)
    TIM_GetCapture2                          0x08003737   Thumb Code     6  stm32f10x_tim.o(.text)
    TIM_GetCapture3                          0x0800373d   Thumb Code     6  stm32f10x_tim.o(.text)
    TIM_GetCapture4                          0x08003743   Thumb Code     8  stm32f10x_tim.o(.text)
    TIM_GetCounter                           0x0800374b   Thumb Code     6  stm32f10x_tim.o(.text)
    TIM_GetPrescaler                         0x08003751   Thumb Code     6  stm32f10x_tim.o(.text)
    TIM_GetFlagStatus                        0x08003757   Thumb Code    18  stm32f10x_tim.o(.text)
    TIM_ClearFlag                            0x08003769   Thumb Code     6  stm32f10x_tim.o(.text)
    TIM_GetITStatus                          0x0800376f   Thumb Code    34  stm32f10x_tim.o(.text)
    TIM_ClearITPendingBit                    0x08003791   Thumb Code     6  stm32f10x_tim.o(.text)
    USART_DeInit                             0x08003799   Thumb Code   134  stm32f10x_usart.o(.text)
    USART_Init                               0x0800381f   Thumb Code   210  stm32f10x_usart.o(.text)
    USART_StructInit                         0x080038f1   Thumb Code    24  stm32f10x_usart.o(.text)
    USART_ClockInit                          0x08003909   Thumb Code    34  stm32f10x_usart.o(.text)
    USART_ClockStructInit                    0x0800392b   Thumb Code    12  stm32f10x_usart.o(.text)
    USART_Cmd                                0x08003937   Thumb Code    24  stm32f10x_usart.o(.text)
    USART_ITConfig                           0x0800394f   Thumb Code    74  stm32f10x_usart.o(.text)
    USART_DMACmd                             0x08003999   Thumb Code    18  stm32f10x_usart.o(.text)
    USART_SetAddress                         0x080039ab   Thumb Code    18  stm32f10x_usart.o(.text)
    USART_WakeUpConfig                       0x080039bd   Thumb Code    18  stm32f10x_usart.o(.text)
    USART_ReceiverWakeUpCmd                  0x080039cf   Thumb Code    24  stm32f10x_usart.o(.text)
    USART_LINBreakDetectLengthConfig         0x080039e7   Thumb Code    18  stm32f10x_usart.o(.text)
    USART_LINCmd                             0x080039f9   Thumb Code    24  stm32f10x_usart.o(.text)
    USART_SendData                           0x08003a11   Thumb Code     8  stm32f10x_usart.o(.text)
    USART_ReceiveData                        0x08003a19   Thumb Code    10  stm32f10x_usart.o(.text)
    USART_SendBreak                          0x08003a23   Thumb Code    10  stm32f10x_usart.o(.text)
    USART_SetGuardTime                       0x08003a2d   Thumb Code    16  stm32f10x_usart.o(.text)
    USART_SetPrescaler                       0x08003a3d   Thumb Code    16  stm32f10x_usart.o(.text)
    USART_SmartCardCmd                       0x08003a4d   Thumb Code    24  stm32f10x_usart.o(.text)
    USART_SmartCardNACKCmd                   0x08003a65   Thumb Code    24  stm32f10x_usart.o(.text)
    USART_HalfDuplexCmd                      0x08003a7d   Thumb Code    24  stm32f10x_usart.o(.text)
    USART_OverSampling8Cmd                   0x08003a95   Thumb Code    22  stm32f10x_usart.o(.text)
    USART_OneBitMethodCmd                    0x08003aab   Thumb Code    24  stm32f10x_usart.o(.text)
    USART_IrDAConfig                         0x08003ac3   Thumb Code    18  stm32f10x_usart.o(.text)
    USART_IrDACmd                            0x08003ad5   Thumb Code    24  stm32f10x_usart.o(.text)
    USART_GetFlagStatus                      0x08003aed   Thumb Code    26  stm32f10x_usart.o(.text)
    USART_ClearFlag                          0x08003b07   Thumb Code    18  stm32f10x_usart.o(.text)
    USART_GetITStatus                        0x08003b19   Thumb Code    84  stm32f10x_usart.o(.text)
    USART_ClearITPendingBit                  0x08003b6d   Thumb Code    52  stm32f10x_usart.o(.text)
    SystemInit                               0x08003c7f   Thumb Code    78  system_stm32f10x.o(.text)
    SystemCoreClockUpdate                    0x08003ccd   Thumb Code   142  system_stm32f10x.o(.text)
    Reset_Handler                            0x08003d81   Thumb Code     8  startup_stm32f10x_hd.o(.text)
    ADC1_2_IRQHandler                        0x08003d9b   Thumb Code     0  startup_stm32f10x_hd.o(.text)
    ADC3_IRQHandler                          0x08003d9b   Thumb Code     0  startup_stm32f10x_hd.o(.text)
    CAN1_RX1_IRQHandler                      0x08003d9b   Thumb Code     0  startup_stm32f10x_hd.o(.text)
    CAN1_SCE_IRQHandler                      0x08003d9b   Thumb Code     0  startup_stm32f10x_hd.o(.text)
    DMA1_Channel1_IRQHandler                 0x08003d9b   Thumb Code     0  startup_stm32f10x_hd.o(.text)
    DMA1_Channel2_IRQHandler                 0x08003d9b   Thumb Code     0  startup_stm32f10x_hd.o(.text)
    DMA1_Channel3_IRQHandler                 0x08003d9b   Thumb Code     0  startup_stm32f10x_hd.o(.text)
    DMA1_Channel4_IRQHandler                 0x08003d9b   Thumb Code     0  startup_stm32f10x_hd.o(.text)
    DMA1_Channel5_IRQHandler                 0x08003d9b   Thumb Code     0  startup_stm32f10x_hd.o(.text)
    DMA1_Channel6_IRQHandler                 0x08003d9b   Thumb Code     0  startup_stm32f10x_hd.o(.text)
    DMA1_Channel7_IRQHandler                 0x08003d9b   Thumb Code     0  startup_stm32f10x_hd.o(.text)
    DMA2_Channel1_IRQHandler                 0x08003d9b   Thumb Code     0  startup_stm32f10x_hd.o(.text)
    DMA2_Channel2_IRQHandler                 0x08003d9b   Thumb Code     0  startup_stm32f10x_hd.o(.text)
    DMA2_Channel3_IRQHandler                 0x08003d9b   Thumb Code     0  startup_stm32f10x_hd.o(.text)
    DMA2_Channel4_5_IRQHandler               0x08003d9b   Thumb Code     0  startup_stm32f10x_hd.o(.text)
    EXTI0_IRQHandler                         0x08003d9b   Thumb Code     0  startup_stm32f10x_hd.o(.text)
    EXTI15_10_IRQHandler                     0x08003d9b   Thumb Code     0  startup_stm32f10x_hd.o(.text)
    EXTI1_IRQHandler                         0x08003d9b   Thumb Code     0  startup_stm32f10x_hd.o(.text)
    EXTI2_IRQHandler                         0x08003d9b   Thumb Code     0  startup_stm32f10x_hd.o(.text)
    EXTI3_IRQHandler                         0x08003d9b   Thumb Code     0  startup_stm32f10x_hd.o(.text)
    EXTI4_IRQHandler                         0x08003d9b   Thumb Code     0  startup_stm32f10x_hd.o(.text)
    EXTI9_5_IRQHandler                       0x08003d9b   Thumb Code     0  startup_stm32f10x_hd.o(.text)
    FLASH_IRQHandler                         0x08003d9b   Thumb Code     0  startup_stm32f10x_hd.o(.text)
    FSMC_IRQHandler                          0x08003d9b   Thumb Code     0  startup_stm32f10x_hd.o(.text)
    I2C1_ER_IRQHandler                       0x08003d9b   Thumb Code     0  startup_stm32f10x_hd.o(.text)
    I2C1_EV_IRQHandler                       0x08003d9b   Thumb Code     0  startup_stm32f10x_hd.o(.text)
    I2C2_ER_IRQHandler                       0x08003d9b   Thumb Code     0  startup_stm32f10x_hd.o(.text)
    I2C2_EV_IRQHandler                       0x08003d9b   Thumb Code     0  startup_stm32f10x_hd.o(.text)
    PVD_IRQHandler                           0x08003d9b   Thumb Code     0  startup_stm32f10x_hd.o(.text)
    RCC_IRQHandler                           0x08003d9b   Thumb Code     0  startup_stm32f10x_hd.o(.text)
    RTCAlarm_IRQHandler                      0x08003d9b   Thumb Code     0  startup_stm32f10x_hd.o(.text)
    RTC_IRQHandler                           0x08003d9b   Thumb Code     0  startup_stm32f10x_hd.o(.text)
    SDIO_IRQHandler                          0x08003d9b   Thumb Code     0  startup_stm32f10x_hd.o(.text)
    SPI1_IRQHandler                          0x08003d9b   Thumb Code     0  startup_stm32f10x_hd.o(.text)
    SPI2_IRQHandler                          0x08003d9b   Thumb Code     0  startup_stm32f10x_hd.o(.text)
    SPI3_IRQHandler                          0x08003d9b   Thumb Code     0  startup_stm32f10x_hd.o(.text)
    TAMPER_IRQHandler                        0x08003d9b   Thumb Code     0  startup_stm32f10x_hd.o(.text)
    TIM1_BRK_IRQHandler                      0x08003d9b   Thumb Code     0  startup_stm32f10x_hd.o(.text)
    TIM1_CC_IRQHandler                       0x08003d9b   Thumb Code     0  startup_stm32f10x_hd.o(.text)
    TIM1_TRG_COM_IRQHandler                  0x08003d9b   Thumb Code     0  startup_stm32f10x_hd.o(.text)
    TIM1_UP_IRQHandler                       0x08003d9b   Thumb Code     0  startup_stm32f10x_hd.o(.text)
    TIM2_IRQHandler                          0x08003d9b   Thumb Code     0  startup_stm32f10x_hd.o(.text)
    TIM4_IRQHandler                          0x08003d9b   Thumb Code     0  startup_stm32f10x_hd.o(.text)
    TIM5_IRQHandler                          0x08003d9b   Thumb Code     0  startup_stm32f10x_hd.o(.text)
    TIM6_IRQHandler                          0x08003d9b   Thumb Code     0  startup_stm32f10x_hd.o(.text)
    TIM7_IRQHandler                          0x08003d9b   Thumb Code     0  startup_stm32f10x_hd.o(.text)
    TIM8_BRK_IRQHandler                      0x08003d9b   Thumb Code     0  startup_stm32f10x_hd.o(.text)
    TIM8_CC_IRQHandler                       0x08003d9b   Thumb Code     0  startup_stm32f10x_hd.o(.text)
    TIM8_TRG_COM_IRQHandler                  0x08003d9b   Thumb Code     0  startup_stm32f10x_hd.o(.text)
    TIM8_UP_IRQHandler                       0x08003d9b   Thumb Code     0  startup_stm32f10x_hd.o(.text)
    UART4_IRQHandler                         0x08003d9b   Thumb Code     0  startup_stm32f10x_hd.o(.text)
    UART5_IRQHandler                         0x08003d9b   Thumb Code     0  startup_stm32f10x_hd.o(.text)
    USART2_IRQHandler                        0x08003d9b   Thumb Code     0  startup_stm32f10x_hd.o(.text)
    USART3_IRQHandler                        0x08003d9b   Thumb Code     0  startup_stm32f10x_hd.o(.text)
    USBWakeUp_IRQHandler                     0x08003d9b   Thumb Code     0  startup_stm32f10x_hd.o(.text)
    USB_HP_CAN1_TX_IRQHandler                0x08003d9b   Thumb Code     0  startup_stm32f10x_hd.o(.text)
    USB_LP_CAN1_RX0_IRQHandler               0x08003d9b   Thumb Code     0  startup_stm32f10x_hd.o(.text)
    WWDG_IRQHandler                          0x08003d9b   Thumb Code     0  startup_stm32f10x_hd.o(.text)
    __aeabi_uldivmod                         0x08003da5   Thumb Code    98  uldiv.o(.text)
    __scatterload                            0x08003e09   Thumb Code    28  init.o(.text)
    __scatterload_rt2                        0x08003e09   Thumb Code     0  init.o(.text)
    __aeabi_llsl                             0x08003e2d   Thumb Code    30  llshl.o(.text)
    _ll_shift_l                              0x08003e2d   Thumb Code     0  llshl.o(.text)
    __aeabi_llsr                             0x08003e4b   Thumb Code    32  llushr.o(.text)
    _ll_ushift_r                             0x08003e4b   Thumb Code     0  llushr.o(.text)
    __decompress                             0x08003e6b   Thumb Code     0  __dczerorl2.o(.text)
    __decompress1                            0x08003e6b   Thumb Code    86  __dczerorl2.o(.text)
    __0printf$8                              0x08003ec1   Thumb Code    22  printf8.o(i.__0printf$8)
    __1printf$8                              0x08003ec1   Thumb Code     0  printf8.o(i.__0printf$8)
    __2printf                                0x08003ec1   Thumb Code     0  printf8.o(i.__0printf$8)
    __scatterload_copy                       0x08003ee1   Thumb Code    14  handlers.o(i.__scatterload_copy)
    __scatterload_null                       0x08003eef   Thumb Code     2  handlers.o(i.__scatterload_null)
    __scatterload_zeroinit                   0x08003ef1   Thumb Code    14  handlers.o(i.__scatterload_zeroinit)
    F6x8                                     0x08004362   Data         552  oled12864.o(.constdata)
    F8X16                                    0x0800458a   Data        1520  oled12864.o(.constdata)
    Region$$Table$$Base                      0x08004b7c   Number         0  anon$$obj.o(Region$$Table)
    Region$$Table$$Limit                     0x08004b9c   Number         0  anon$$obj.o(Region$$Table)
    jump2app                                 0x20000000   Data           4  iap.o(.data)
    buff                                     0x20000004   Data           8  iap.o(.data)
    time                                     0x2000000c   Data           2  timer.o(.data)
    F16x16                                   0x2000000e   Data         128  oled12864.o(.data)
    BMP1                                     0x2000008e   Data         264  oled12864.o(.data)
    BMP2                                     0x20000196   Data         264  oled12864.o(.data)
    __stdout                                 0x200002a4   Data           4  usart.o(.data)
    USART_RX_BUF                             0x200002a8   Data           8  usart.o(.data)
    RX_FL                                    0x200002b0   Data           1  usart.o(.data)
    USART_RX_STA                             0x200002b2   Data           2  usart.o(.data)
    USART_RX_CNT                             0x200002b4   Data           2  usart.o(.data)
    SystemCoreClock                          0x200002cc   Data           4  system_stm32f10x.o(.data)
    AHBPrescTable                            0x200002d0   Data          16  system_stm32f10x.o(.data)
    iapbuf                                   0x200002e0   Data        2048  iap.o(.bss)
    app_buff                                 0x20000ae0   Data        2048  iap.o(.bss)
    STMFLASH_BUF                             0x200012e0   Data        1024  stmflash.o(.bss)
    __initial_sp                             0x20001ae0   Data           0  startup_stm32f10x_hd.o(STACK)



==============================================================================

Memory Map of the image

  Image Entry point : 0x08000131

  Load Region LR_IROM1 (Base: 0x08000000, Size: 0x00004e7c, Max: 0x00020000, ABSOLUTE, COMPRESSED[0x00004d2c])

    Execution Region ER_IROM1 (Exec base: 0x08000000, Load base: 0x08000000, Size: 0x00004b9c, Max: 0x00020000, ABSOLUTE)

    Exec Addr    Load Addr    Size         Type   Attr      Idx    E Section Name        Object

    0x08000000   0x08000000   0x00000130   Data   RO          667    RESET               startup_stm32f10x_hd.o
    0x08000130   0x08000130   0x00000000   Code   RO          672  * .ARM.Collect$$$$00000000  mc_w.l(entry.o)
    0x08000130   0x08000130   0x00000004   Code   RO          936    .ARM.Collect$$$$00000001  mc_w.l(entry2.o)
    0x08000134   0x08000134   0x00000004   Code   RO          939    .ARM.Collect$$$$00000004  mc_w.l(entry5.o)
    0x08000138   0x08000138   0x00000000   Code   RO          941    .ARM.Collect$$$$00000008  mc_w.l(entry7b.o)
    0x08000138   0x08000138   0x00000000   Code   RO          943    .ARM.Collect$$$$0000000A  mc_w.l(entry8b.o)
    0x08000138   0x08000138   0x00000008   Code   RO          944    .ARM.Collect$$$$0000000B  mc_w.l(entry9a.o)
    0x08000140   0x08000140   0x00000000   Code   RO          946    .ARM.Collect$$$$0000000D  mc_w.l(entry10a.o)
    0x08000140   0x08000140   0x00000000   Code   RO          948    .ARM.Collect$$$$0000000F  mc_w.l(entry11a.o)
    0x08000140   0x08000140   0x00000004   Code   RO          937    .ARM.Collect$$$$00002712  mc_w.l(entry2.o)
    0x08000144   0x08000144   0x00000006   Code   RO          269    .emb_text           sys.o
    0x0800014a   0x0800014a   0x00000002   PAD
    0x0800014c   0x0800014c   0x00000170   Code   RO            1    .text               can.o
    0x080002bc   0x080002bc   0x000000f4   Code   RO           67    .text               iap.o
    0x080003b0   0x080003b0   0x00000144   Code   RO           96    .text               stmflash.o
    0x080004f4   0x080004f4   0x00000060   Code   RO          115    .text               bsp_key.o
    0x08000554   0x08000554   0x0000007c   Code   RO          130    .text               timer.o
    0x080005d0   0x080005d0   0x000003cc   Code   RO          148    .text               main.o
    0x0800099c   0x0800099c   0x00000670   Code   RO          182    .text               oled12864.o
    0x0800100c   0x0800100c   0x0000001a   Code   RO          236    .text               stm32f10x_it.o
    0x08001026   0x08001026   0x00000002   PAD
    0x08001028   0x08001028   0x000000d4   Code   RO          255    .text               delay.o
    0x080010fc   0x080010fc   0x000000f8   Code   RO          286    .text               usart.o
    0x080011f4   0x080011f4   0x000000dc   Code   RO          308    .text               misc.o
    0x080012d0   0x080012d0   0x000009f0   Code   RO          350    .text               stm32f10x_can.o
    0x08001cc0   0x08001cc0   0x000005bc   Code   RO          452    .text               stm32f10x_flash.o
    0x0800227c   0x0800227c   0x0000035c   Code   RO          482    .text               stm32f10x_gpio.o
    0x080025d8   0x080025d8   0x000003a4   Code   RO          539    .text               stm32f10x_rcc.o
    0x0800297c   0x0800297c   0x00000e1a   Code   RO          598    .text               stm32f10x_tim.o
    0x08003796   0x08003796   0x00000002   PAD
    0x08003798   0x08003798   0x00000408   Code   RO          610    .text               stm32f10x_usart.o
    0x08003ba0   0x08003ba0   0x000001e0   Code   RO          637    .text               system_stm32f10x.o
    0x08003d80   0x08003d80   0x00000024   Code   RO          668    .text               startup_stm32f10x_hd.o
    0x08003da4   0x08003da4   0x00000062   Code   RO          952    .text               mc_w.l(uldiv.o)
    0x08003e06   0x08003e06   0x00000002   PAD
    0x08003e08   0x08003e08   0x00000024   Code   RO          965    .text               mc_w.l(init.o)
    0x08003e2c   0x08003e2c   0x0000001e   Code   RO          967    .text               mc_w.l(llshl.o)
    0x08003e4a   0x08003e4a   0x00000020   Code   RO          969    .text               mc_w.l(llushr.o)
    0x08003e6a   0x08003e6a   0x00000056   Code   RO          983    .text               mc_w.l(__dczerorl2.o)
    0x08003ec0   0x08003ec0   0x00000020   Code   RO          882    i.__0printf$8       mc_w.l(printf8.o)
    0x08003ee0   0x08003ee0   0x0000000e   Code   RO          977    i.__scatterload_copy  mc_w.l(handlers.o)
    0x08003eee   0x08003eee   0x00000002   Code   RO          978    i.__scatterload_null  mc_w.l(handlers.o)
    0x08003ef0   0x08003ef0   0x0000000e   Code   RO          979    i.__scatterload_zeroinit  mc_w.l(handlers.o)
    0x08003efe   0x08003efe   0x00000002   PAD
    0x08003f00   0x08003f00   0x00000410   Code   RO          889    i._printf_core      mc_w.l(printf8.o)
    0x08004310   0x08004310   0x00000024   Code   RO          890    i._printf_post_padding  mc_w.l(printf8.o)
    0x08004334   0x08004334   0x0000002e   Code   RO          891    i._printf_pre_padding  mc_w.l(printf8.o)
    0x08004362   0x08004362   0x00000818   Data   RO          183    .constdata          oled12864.o
    0x08004b7a   0x08004b7a   0x00000002   PAD
    0x08004b7c   0x08004b7c   0x00000020   Data   RO          975    Region$$Table       anon$$obj.o


    Execution Region RW_IRAM1 (Exec base: 0x20000000, Load base: 0x08004b9c, Size: 0x00001ae0, Max: 0x00005000, ABSOLUTE, COMPRESSED[0x00000190])

    Exec Addr    Load Addr    Size         Type   Attr      Idx    E Section Name        Object

    0x20000000   COMPRESSED   0x0000000c   Data   RW           69    .data               iap.o
    0x2000000c   COMPRESSED   0x00000002   Data   RW          131    .data               timer.o
    0x2000000e   COMPRESSED   0x00000290   Data   RW          184    .data               oled12864.o
    0x2000029e   COMPRESSED   0x00000004   Data   RW          256    .data               delay.o
    0x200002a2   COMPRESSED   0x00000002   PAD
    0x200002a4   COMPRESSED   0x00000012   Data   RW          287    .data               usart.o
    0x200002b6   COMPRESSED   0x00000014   Data   RW          540    .data               stm32f10x_rcc.o
    0x200002ca   COMPRESSED   0x00000002   PAD
    0x200002cc   COMPRESSED   0x00000014   Data   RW          638    .data               system_stm32f10x.o
    0x200002e0        -       0x00001000   Zero   RW           68    .bss                iap.o
    0x200012e0        -       0x00000400   Zero   RW           97    .bss                stmflash.o
    0x200016e0        -       0x00000400   Zero   RW          665    STACK               startup_stm32f10x_hd.o


==============================================================================

Image component sizes


      Code (inc. data)   RO Data    RW Data    ZI Data      Debug   Object Name

        96          4          0          0          0       1251   bsp_key.o
       368          8          0          0          0     262409   can.o
       212         18          0          4          0       1151   delay.o
       244         14          0         12       4096       2963   iap.o
       972        332          0          0          0      16230   main.o
       220         22          0          0          0       2021   misc.o
      1648         26       2072        656          0       6979   oled12864.o
        36          8        304          0       1024        860   startup_stm32f10x_hd.o
      2544         38          0          0          0       8248   stm32f10x_can.o
      1468         34          0          0          0      14830   stm32f10x_flash.o
       860         38          0          0          0       5949   stm32f10x_gpio.o
        26          0          0          0          0       1274   stm32f10x_it.o
       932         36          0         20          0       9160   stm32f10x_rcc.o
      3610         88          0          0          0      23060   stm32f10x_tim.o
      1032         22          0          0          0       8676   stm32f10x_usart.o
       324          8          0          0       1024       2970   stmflash.o
         6          0          0          0          0        428   sys.o
       480         38          0         20          0       2107   system_stm32f10x.o
       124         10          0          2          0       1059   timer.o
       248         18          0         18          0       3557   usart.o

    ----------------------------------------------------------------------
     15456        762       2410        736       6144     375182   Object Totals
         0          0         32          0          0          0   (incl. Generated)
         6          0          2          4          0          0   (incl. Padding)

    ----------------------------------------------------------------------

      Code (inc. data)   RO Data    RW Data    ZI Data      Debug   Library Member Name

        86          0          0          0          0          0   __dczerorl2.o
         0          0          0          0          0          0   entry.o
         0          0          0          0          0          0   entry10a.o
         0          0          0          0          0          0   entry11a.o
         8          4          0          0          0          0   entry2.o
         4          0          0          0          0          0   entry5.o
         0          0          0          0          0          0   entry7b.o
         0          0          0          0          0          0   entry8b.o
         8          4          0          0          0          0   entry9a.o
        30          0          0          0          0          0   handlers.o
        36          8          0          0          0         68   init.o
        30          0          0          0          0         68   llshl.o
        32          0          0          0          0         68   llushr.o
      1154         54          0          0          0        352   printf8.o
        98          0          0          0          0         92   uldiv.o

    ----------------------------------------------------------------------
      1490         70          0          0          0        648   Library Totals
         4          0          0          0          0          0   (incl. Padding)

    ----------------------------------------------------------------------

      Code (inc. data)   RO Data    RW Data    ZI Data      Debug   Library Name

      1486         70          0          0          0        648   mc_w.l

    ----------------------------------------------------------------------
      1490         70          0          0          0        648   Library Totals

    ----------------------------------------------------------------------

==============================================================================


      Code (inc. data)   RO Data    RW Data    ZI Data      Debug   

     16946        832       2410        736       6144     374086   Grand Totals
     16946        832       2410        400       6144     374086   ELF Image Totals (compressed)
     16946        832       2410        400          0          0   ROM Totals

==============================================================================

    Total RO  Size (Code + RO Data)                19356 (  18.90kB)
    Total RW  Size (RW Data + ZI Data)              6880 (   6.72kB)
    Total ROM Size (Code + RO Data + RW Data)      19756 (  19.29kB)

==============================================================================

