<html>
<body>
<pre>
<h1>礦ision Build Log</h1>
<h2>Tool Versions:</h2>
IDE-Version: μVision V5.26.0.0
Copyright (C) 2018 ARM Ltd and ARM Germany GmbH. All rights reserved.
License Information: zehn ZEHN, ZEHN, LIC=KRMLQ-NIDBD-T35MI-TGX8H-18VHT-4EF3K
 
Tool Versions:
Toolchain:       MDK-ARM Plus  Version: 5.26.0.0
Toolchain Path:  D:\keil\ARM\ARMCC\Bin
C Compiler:      Armcc.exe V5.06 update 6 (build 750)
Assembler:       Armasm.exe V5.06 update 6 (build 750)
Linker/Locator:  ArmLink.exe V5.06 update 6 (build 750)
Library Manager: ArmAr.exe V5.06 update 6 (build 750)
Hex Converter:   FromElf.exe V5.06 update 6 (build 750)
CPU DLL:         SARMCM3.DLL V5.26.0.0
Dialog DLL:      DCM.DLL V1.17.1.0
Target DLL:      STLink\ST-LINKIII-KEIL_SWO.dll V3.0.1.0
Dialog DLL:      TCM.DLL V1.35.3.0
 
<h2>Project:</h2>
G:\STM32\stm32make\远峰can总线升级固件\CAN总线IAP发射机\Project\RVMDK（uv5）\BH-F103.uvprojx
Project File Date:  10/04/2018

<h2>Output:</h2>
*** Using Compiler 'V5.06 update 6 (build 750)', folder: 'D:\keil\ARM\ARMCC\Bin'
Build target 'IAP_CAN'
Before Build - User command #1: G:\STM32\stm32make\远峰can总线升级固件\CAN总线IAP发射机\Project\RVMDK（uv5）\VerManage.exe
读取 VerManage.h文件成功！
修改 VerManage.h文件成功！
/*     FirstBuiltDate：2018-10-04 17:42:33      */
工程编译时间：2018-10-16 17:20:13
当前编译的版本号：1.0
备注：此软件仅用于娱乐，造成任何损失一概不负责！
compiling main.c...
..\..\Bsp\Applications\main.c(28): warning:  #550-D: variable "ACK_p"  was set but never used
      u8 jump[2]={230,230},k[5]={0},ACK[1],rec_flag=1,ACK_p=0,addr_l=0,addr_h=0;
..\..\Bsp\Applications\main.c(29): warning:  #177-D: variable "p"  was declared but never referenced
      u32 app_size=0,*p=&app_size;
..\..\Bsp\Applications\main.c(31): warning:  #177-D: variable "Read_Addr"  was declared but never referenced
      u32 Read_Addr=FLASH_APP1_ADDR;
..\..\Bsp\Applications\main.c: 3 warnings, 0 errors
linking...
Program Size: Code=16662 RO-data=3066 RW-data=72 ZI-data=58296  
"..\Output\IAP_CAN.axf" - 0 Error(s), 3 Warning(s).

<h2>Software Packages used:</h2>

Package Vendor: Keil
                http://www.keil.com/pack/Keil.STM32F1xx_DFP.2.1.0.pack
                Keil.STM32F1xx_DFP.2.1.0
                STMicroelectronics STM32F1 Series Device Support, Drivers and Examples

<h2>Collection of Component include folders:</h2>
  .\RTE\_IAP_CAN
  D:\keil\ARM\PACK\Keil\STM32F1xx_DFP\2.1.0\Device\Include

<h2>Collection of Component Files used:</h2>
Build Time Elapsed:  00:00:02
</pre>
</body>
</html>
